[wieisdemol.avrotros.nl/kandidaten/index.html]
[wieisdemol.avrotros.nl/home/index.html]
[wieisdemol.avrotros.nl/afleveringen/item/aflevering-6/index.html]
[backblue.gif]
[fade.gif]
[index.html]
[wieisdemol.avrotros.nl/afleveringen/index.html]
[wieisdemol.avrotros.nl/moltalk/index.html]
[wieisdemol.avrotros.nl/info/index.html]
[external.html]
[wieisdemol.avrotros.nl/cdn-cgi/challenge-platform/scripts/jsd/main.js]
[wieisdemol.avrotros.nl/home/index.html]
[wieisdemol.avrotros.nl/afleveringen/item/aflevering-6/index.html]
[fonts.googleapis.com/index.html]
[wieisdemol.assets.avrotros.nl/_processed_/5/3/csm_WIDM24-Groepsfoto-met-Rik_e52bb00d6b.jpg]
[wieisdemol.avrotros.nl/typo3conf/ext/wieisdemol_resources/Resources/Public/Favicon/manifestf48c.json]
[wieisdemol.avrotros.nl/kandidaten/item/anna/index.html]
[wieisdemol.avrotros.nl/kandidaten/item/babs/index.html]
[wieisdemol.assets.avrotros.nl/_processed_/e/7/csm_img-candidate-A_3fdb354a57.jpg]
[wieisdemol.avrotros.nl/kandidaten/item/jip/index.html]
[wieisdemol.avrotros.nl/kandidaten/item/fons/index.html]
[wieisdemol.avrotros.nl/kandidaten/item/jeroen-1/index.html]
[wieisdemol.avrotros.nl/kandidaten/item/justin/index.html]
[wieisdemol.assets.avrotros.nl/_processed_/a/1/csm_img-candidate-B_91e8b6f29f.jpg]
[wieisdemol.assets.avrotros.nl/_processed_/a/9/csm_img-candidate-C_9f49567855.jpg]
[wieisdemol.avrotros.nl/kandidaten/item/rian/index.html]
[wieisdemol.avrotros.nl/kandidaten/item/rosario/index.html]
[wieisdemol.avrotros.nl/kandidaten/item/kees/index.html]
[wieisdemol.avrotros.nl/kandidaten/item/tooske/index.html]
[wieisdemol.assets.avrotros.nl/_processed_/d/8/csm_img-candidate-D_60cf5742f9.jpg]
[wieisdemol.avrotros.nl/afleveringen/item/exclusief-wie-zwijgt-wie-liegt-wie-bekent/index.html]
[wieisdemol.avrotros.nl/moltalk/item/moltalk-aflevering-6-3/index.html]
[wieisdemol.avrotros.nl/afleveringen/item/dagboek-van-de-afvaller-5/index.html]
[wieisdemol.avrotros.nl/afleveringen/item/niet-de-mol-5-1/index.html]
[wieisdemol.assets.avrotros.nl/_processed_/c/3/csm_img-candidate-E_b4058ed8f1.jpg]
[wieisdemol.avrotros.nl/afleveringen/item/opdracht-1-niets-is-iets/index.html]
[wieisdemol.avrotros.nl/afleveringen/item/opdracht-2-bij-elkaar-passen/index.html]
[wieisdemol.assets.avrotros.nl/_processed_/4/a/csm_img-candidate-F_7163f28eec.jpg]
[wieisdemol.avrotros.nl/afleveringen/item/aflevering-4-revanche/index.html]
[wieisdemol.avrotros.nl/afleveringen/item/opdracht-1-op-elkaar-rekenen/index.html]
[wieisdemol.assets.avrotros.nl/_processed_/b/6/csm_img-candidate-G_40a250eab0.jpg]
[wieisdemol.assets.avrotros.nl/_processed_/2/e/csm_img-candidate-H_87283973c5.jpg]
[wieisdemol.assets.avrotros.nl/_processed_/8/5/csm_img-candidate-I_72f1777c78.jpg]
[wieisdemol.assets.avrotros.nl/_processed_/a/5/csm_img-candidate-J_7553dc8b67.jpg]
[wieisdemol.avrotros.nl/kandidaten/index.html]
[wieisdemol.assets.avrotros.nl/_processed_/0/4/csm_widm24-aflevering5_da4f6e5b35.jpg]
[wieisdemol.assets.avrotros.nl/_processed_/a/1/csm_widm24-aflevering3_5587bd35ba.jpg]
[wieisdemol.assets.avrotros.nl/_processed_/5/5/csm_widm24-aflevering2-groepsfoto_5d22c660c3.png]
[wieisdemol.assets.avrotros.nl/_processed_/5/2/csm_widm24_afl1_4c8a485e71.jpg]
[wieisdemol.avrotros.nl/afleveringen/item/aflevering-5-terugkeer/index.html]
[wieisdemol.avrotros.nl/afleveringen/index.html]
[wieisdemol.avrotros.nl/afleveringen/item/aflevering-3-vragenvuur/index.html]
[wieisdemol.assets.avrotros.nl/_processed_/1/e/csm_MolTalk-aflevering5_c861b388d1.jpg]
[wieisdemol.avrotros.nl/afleveringen/item/aflevering-2-afgelopen/index.html]
[wieisdemol.assets.avrotros.nl/_processed_/8/b/csm_MolTalk-Aflevering4_2bc8e7bdb7.jpg]
[wieisdemol.assets.avrotros.nl/_processed_/a/0/csm_MolTalk-3_6e779cd513.jpg]
[wieisdemol.avrotros.nl/afleveringen/item/aflevering-1-een-handje-helpen/index.html]
[wieisdemol.assets.avrotros.nl/_processed_/9/9/csm_MolTalk-aflevering2-2024_430ac727e9.jpg]
[wieisdemol.avrotros.nl/moltalk/item/moltalk-3/index.html]
[wieisdemol.assets.avrotros.nl/_processed_/6/b/csm_MolTalk-6-januari-2024-Gasten-Jurre-Soy-Inge-2_d50dcf5d77.jpg]
[wieisdemol.avrotros.nl/moltalk/index.html]
[wieisdemol.avrotros.nl/moltalk/item/moltalk-aflevering-4-3/index.html]
[wieisdemol.avrotros.nl/info/index.html]
[wieisdemol.avrotros.nl/moltalk/item/moltalk-aflevering-3-2/index.html]
[wieisdemol.avrotros.nl/moltalk/item/moltalk-aflevering-2-3/index.html]
[wieisdemol.avrotros.nl/moltalk/item/moltalk-aflevering-1-2/index.html]
[wieisdemol.avrotros.nl/kandidaten/item/index.html]
[cookies.avrotros.nl/index.html]
[ccm.npo.nl/index.html]
[atconnect.npo.nl/index.html]
[fonts.googleapis.com/index.html]
[fonts.gstatic.com/index.html]
[search-api.avrotros.nl/index.html]
[tag.aticdn.net/index.html]
[www.google-analytics.com/index.html]
[www.googletagmanager.com/index.html]
[wieisdemol.assets.avrotros.nl/_processed_/e/7/csm_img-candidate-A_21969160db.jpg]
[resources.assets.avrotros.nl/avrotros-resources/scripts/at-article-load-morece0b.js]
[resources.assets.avrotros.nl/avrotros-resources/scripts/at-embed-instagram7df1.js]
[wieisdemol.avrotros.nl/kandidaten/item/anna/index.html]
[wieisdemol.assets.avrotros.nl/_processed_/a/1/csm_img-candidate-B_68ca6ed590.jpg]
[wieisdemol.avrotros.nl/kandidaten/item/babs/index.html]
[wieisdemol.assets.avrotros.nl/_processed_/a/9/csm_img-candidate-C_34d48b0d60.jpg]
[wieisdemol.avrotros.nl/kandidaten/item/fons/index.html]
[wieisdemol.assets.avrotros.nl/_processed_/d/8/csm_img-candidate-D_ffdc5649a2.jpg]
[wieisdemol.avrotros.nl/kandidaten/item/jeroen-1/index.html]
[wieisdemol.assets.avrotros.nl/_processed_/c/3/csm_img-candidate-E_5f885a3e01.jpg]
[wieisdemol.avrotros.nl/kandidaten/item/jip/index.html]
[wieisdemol.assets.avrotros.nl/_processed_/4/a/csm_img-candidate-F_e6e0e868ea.jpg]
[wieisdemol.avrotros.nl/kandidaten/item/justin/index.html]
[wieisdemol.assets.avrotros.nl/_processed_/b/6/csm_img-candidate-G_43f5967a55.jpg]
[wieisdemol.avrotros.nl/kandidaten/item/kees/index.html]
[wieisdemol.assets.avrotros.nl/_processed_/2/e/csm_img-candidate-H_addb1898f7.jpg]
[wieisdemol.avrotros.nl/kandidaten/item/rian/index.html]
[wieisdemol.assets.avrotros.nl/_processed_/8/5/csm_img-candidate-I_e191592438.jpg]
[wieisdemol.avrotros.nl/kandidaten/item/rosario/index.html]
[wieisdemol.assets.avrotros.nl/_processed_/a/5/csm_img-candidate-J_80efcd30e9.jpg]
[wieisdemol.avrotros.nl/kandidaten/item/tooske/index.html]
[wieisdemol.assets.avrotros.nl/_processed_/3/4/csm_widm24-afvaller5_01_feae9d19c9.jpg]
[wieisdemol.assets.avrotros.nl/_processed_/b/7/csm_item_2166_f4fdd4fa7e.jpg]
[wieisdemol.avrotros.nl/afleveringen/item/dagboek-van-de-afvaller-5/index.html]
[wieisdemol.assets.avrotros.nl/_processed_/c/f/csm_5.2-thumb_6f3e7883ac.jpg]
[wieisdemol.assets.avrotros.nl/_processed_/7/c/csm_widm24-exclusief-privileges2_cda1c27b65.jpg]
[wieisdemol.assets.avrotros.nl/_processed_/f/2/csm_widm24-afvaller5-jeroen_ed5af95907.jpg]
[wieisdemol.avrotros.nl/afleveringen/item/vooruitblik-aflevering-6-2/index.html]
[wieisdemol.assets.avrotros.nl/_processed_/f/1/csm_NDM-thumbnail-Jeroen_6b74de27a9.jpg]
[wieisdemol.assets.avrotros.nl/_processed_/e/8/csm_Exclusief-2-aflevering3_3ad83bfdc3.jpg]
[wieisdemol.assets.avrotros.nl/_processed_/5/b/csm_widm24-opdracht1-diadeltopito_8420d729bb.png]
[wieisdemol.avrotros.nl/afleveringen/item/exclusief-de-volgende-penningmeester/index.html]
[wieisdemol.avrotros.nl/afleveringen/item/dagboek-van-de-afvaller-jeroen-spitzenberger/index.html]
[wieisdemol.avrotros.nl/afleveringen/item/exclusief-chaos-na-de-eliminatie/index.html]
[wieisdemol.avrotros.nl/afleveringen/item/niet-de-mol-4-jeroen/index.html]
[wieisdemol.avrotros.nl/afleveringen/item/exclusief-wie-zwijgt-wie-liegt-wie-bekent/index.html]
[resources.assets.avrotros.nl/avrotros-resources/scripts/at-player88c4.js]
[wieisdemol.assets.avrotros.nl/_processed_/8/7/csm_MolTalk-6_8a9dd07bc8.jpg]
[wieisdemol.assets.avrotros.nl/_processed_/2/7/csm_widm24-afvaller3-justin_d492d76b8b.jpg]
[wieisdemol.avrotros.nl/afleveringen/item/opdracht-1-dia-del-topito/index.html]
[wieisdemol.avrotros.nl/moltalk/item/moltalk-aflevering-6-3/index.html]
[wieisdemol.assets.avrotros.nl/_processed_/7/d/csm_NDM-thumbnail-6-2024_42502edb91.jpg]
[wieisdemol.assets.avrotros.nl/user_upload/WIDM24/Niet de Mol/NDM-Splinter-Tooske.jpg]
[wieisdemol.avrotros.nl/afleveringen/item/dagboek-van-de-afvaller-justin-mooijer/index.html]
[wieisdemol.assets.avrotros.nl/_processed_/6/8/csm_NDM-thumbnail-Babs_2065a4c78c.jpg]
[wieisdemol.assets.avrotros.nl/_processed_/c/2/csm_NDM-thumbnail-Justin_37dea687ec.jpg]
[wieisdemol.avrotros.nl/afleveringen/item/niet-de-mol-2024-1-babs/index.html]
[wieisdemol.assets.avrotros.nl/_processed_/a/a/csm_NDM-4_d532b157c2.jpg]
[wieisdemol.assets.avrotros.nl/_processed_/0/e/csm_NDM-thumbnail-Jip_e11b4ade75.jpg]
[wieisdemol.avrotros.nl/afleveringen/item/niet-de-mol-5-1/index.html]
[wieisdemol.avrotros.nl/afleveringen/item/niet-de-mol-3-justin/index.html]
[wieisdemol.assets.avrotros.nl/_processed_/1/7/csm_widm24-opdracht1-nietsisiets-1_473a9aa6e5.jpg]
[wieisdemol.avrotros.nl/afleveringen/item/niet-de-mol-2024-2-jip/index.html]
[wieisdemol.assets.avrotros.nl/_processed_/e/9/csm_widm24_persfoto_rik_9f68f4059d.jpg]
[wieisdemol.assets.avrotros.nl/_processed_/d/9/csm_widm24-exclusief-wiekomterterug_7e1a9f4cb7.jpg]
[wieisdemol.assets.avrotros.nl/_processed_/f/7/csm_widm24-opdracht1-kijkenkijken-1_85dc391fea.jpg]
[wieisdemol.assets.avrotros.nl/_processed_/d/7/csm_widm24-opdracht2-stadenlandaflopen-1_6d83a82e1e.jpg]
[wieisdemol.assets.avrotros.nl/_processed_/2/5/csm_widm24-exclusief-penningmeester_b8da0f1942.png]
[wieisdemol.avrotros.nl/afleveringen/item/abonneer-je-op-de-nieuwsbrief/index.html]
[wieisdemol.avrotros.nl/afleveringen/item/opdracht-1-niets-is-iets/index.html]
[wieisdemol.avrotros.nl/afleveringen/item/exclusief-wie-keert-er-terug/index.html]
[wieisdemol.avrotros.nl/afleveringen/item/opdracht-2-stad-en-land-aflopen/index.html]
[wieisdemol.avrotros.nl/afleveringen/item/opdracht-41-1/index.html]
[wieisdemol.avrotros.nl/afleveringen/item/exclusief-wie-wordt-de-penningmeester/index.html]
[wieisdemol.assets.avrotros.nl/_processed_/8/5/csm_widm24-opdracht2-bijelkaarpassen-1_eeca9bc2da.jpg]
[wieisdemol.assets.avrotros.nl/_processed_/0/5/csm_widm24-opdracht1-molympischespelen-1_1916a88953.png]
[wieisdemol.assets.avrotros.nl/_processed_/c/4/csm_widm24-opdracht2-speeddate_70c0fbd8c8.png]
[wieisdemol.avrotros.nl/afleveringen/item/opdracht-2-bij-elkaar-passen/index.html]
[wieisdemol.avrotros.nl/afleveringen/item/opdracht-1-de-molympische-spelen/index.html]
[wieisdemol.avrotros.nl/afleveringen/item/opdracht-2-speeddate/index.html]
[wieisdemol.assets.avrotros.nl/_processed_/8/0/csm_widm24-aflevering4_c46bf84d10.jpg]
[wieisdemol.assets.avrotros.nl/_processed_/2/5/csm_widm24-opdracht2-hoogspelspelen-1_d23c48f6c7.jpg]
[wieisdemol.assets.avrotros.nl/_processed_/0/0/csm_widm24-opdracht3-ophetspelzetten-1_77b9f8ebdb.jpg]
[wieisdemol.assets.avrotros.nl/_processed_/8/6/csm_2-Eliminatie-Jeroen-Jip-Kees-Fons-Tooske-Justin-Anna-Rian-Sor_a400583eb0.jpg]
[wieisdemol.avrotros.nl/afleveringen/item/aflevering-4-revanche/index.html]
[wieisdemol.assets.avrotros.nl/_processed_/8/1/csm_widm24-opdracht1-opelkaarrekenen-1_191dd52f65.jpg]
[wieisdemol.avrotros.nl/afleveringen/item/opdracht-2-hoog-spel-spelen-2/index.html]
[wieisdemol.avrotros.nl/afleveringen/item/opdracht-3-op-het-spel-zetten/index.html]
[wieisdemol.avrotros.nl/afleveringen/item/exclusief-een-beoogde-mol-is-naar-huis/index.html]
[wieisdemol.assets.avrotros.nl/_processed_/3/7/csm_widm24-opdracht2-hetgebaandepad-1_8c9e9cc161.jpg]
[wieisdemol.assets.avrotros.nl/_processed_/9/f/csm_widm24-opdracht3-afwegen-1_90674dde7b.jpg]
[wieisdemol.assets.avrotros.nl/_processed_/a/2/csm_widm24-exclusief-bubbelbad_f72cd15b1d.png]
[wieisdemol.avrotros.nl/afleveringen/item/opdracht-1-op-elkaar-rekenen/index.html]
[wieisdemol.avrotros.nl/afleveringen/item/opdracht-2-het-gebaande-pad/index.html]
[wieisdemol.avrotros.nl/afleveringen/item/opdracht-3-afwegen/index.html]
[wieisdemol.avrotros.nl/afleveringen/item/exclusief-met-rik-in-een-bubbelbad/index.html]
[wieisdemol.assets.avrotros.nl/_processed_/0/4/csm_widm24-aflevering5_1fb05cc06c.jpg]
[wieisdemol.avrotros.nl/afleveringen/item/aflevering-5-terugkeer/index.html]
[wieisdemol.assets.avrotros.nl/_processed_/a/1/csm_widm24-aflevering3_457c61bf77.jpg]
[wieisdemol.assets.avrotros.nl/_processed_/1/f/csm_widm24-opdracht1-deviolenstemmen-1_564ce94247.jpg]
[wieisdemol.assets.avrotros.nl/_processed_/4/6/csm_widm24-opdracht3-ermeeworstelen-1_c1dc1d9279.jpg]
[wieisdemol.assets.avrotros.nl/_processed_/6/3/csm_Exclusief.1.2-eliminatie_2cd7ba4813.jpg]
[wieisdemol.avrotros.nl/afleveringen/item/opdracht-1-de-violen-stemmen/index.html]
[wieisdemol.avrotros.nl/afleveringen/item/aflevering-3-vragenvuur/index.html]
[wieisdemol.assets.avrotros.nl/_processed_/5/5/csm_widm24-aflevering2-groepsfoto_809e6281dd.png]
[wieisdemol.avrotros.nl/afleveringen/item/opdracht-3-er-mee-worstelen/index.html]
[wieisdemol.avrotros.nl/afleveringen/item/exclusief-de-reacties-op-de-eerste-eliminatie/index.html]
[wieisdemol.assets.avrotros.nl/_processed_/d/a/csm_widm24-afvaller2-jip_769b6e6176.jpg]
[wieisdemol.assets.avrotros.nl/_processed_/3/3/csm_widm24-opdracht2-uitzitten-1_b7b813389e.png]
[wieisdemol.assets.avrotros.nl/_processed_/6/9/csm_Groepsfoto met Rik_1bf6c50a8b.jpg]
[wieisdemol.avrotros.nl/afleveringen/item/dagboek-van-de-afvaller-jip-van-den-toorn/index.html]
[wieisdemol.avrotros.nl/afleveringen/item/aflevering-2-afgelopen/index.html]
[wieisdemol.assets.avrotros.nl/_processed_/5/2/csm_widm24_afl1_eaf4fdea1f.jpg]
[wieisdemol.avrotros.nl/afleveringen/item/opdracht-2-uitzitten/index.html]
[wieisdemol.assets.avrotros.nl/_processed_/0/a/csm_widm24-opdracht3-afschilderen_d26a31639a.png]
[wieisdemol.assets.avrotros.nl/_processed_/1/d/csm_widm24-afvaller1-babs_7e55cb226c.jpg]
[wieisdemol.avrotros.nl/afleveringen/item/aflevering-1-een-handje-helpen/index.html]
[wieisdemol.avrotros.nl/afleveringen/item/opdracht-3-afschilderen/index.html]
[wieisdemol.avrotros.nl/afleveringen/item/dagboek-van-de-afvaller-babs-schutte/index.html]
[wieisdemol.assets.avrotros.nl/_processed_/1/e/csm_MolTalk-aflevering5_fad8127809.jpg]
[wieisdemol.avrotros.nl/moltalk/item/moltalk-3/index.html]
[wieisdemol.assets.avrotros.nl/_processed_/8/b/csm_MolTalk-Aflevering4_95b00ed795.jpg]
[wieisdemol.avrotros.nl/moltalk/item/moltalk-aflevering-4-3/index.html]
[wieisdemol.assets.avrotros.nl/_processed_/a/0/csm_MolTalk-3_817e6c82a1.jpg]
[wieisdemol.avrotros.nl/moltalk/item/moltalk-aflevering-3-2/index.html]
[wieisdemol.assets.avrotros.nl/_processed_/9/9/csm_MolTalk-aflevering2-2024_f8b49186ef.jpg]
[wieisdemol.assets.avrotros.nl/_processed_/8/b/csm_MolTalk-2024-Marlijn-Splinter_6b55fb048c.jpg]
[wieisdemol.avrotros.nl/moltalk/item/moltalk-aflevering-2-3/index.html]
[wieisdemol.assets.avrotros.nl/_processed_/6/b/csm_MolTalk-6-januari-2024-Gasten-Jurre-Soy-Inge-2_236bf61178.jpg]
[wieisdemol.assets.avrotros.nl/_processed_/d/1/csm_Moltalk9_6210695d38.jpg]
[wieisdemol.avrotros.nl/moltalk/item/moltalk-aflevering-1-2/index.html]
[wieisdemol.avrotros.nl/kandidaten/item/item/index.html]
[wieisdemol.avrotros.nl/moltalk/item/moltalk-aflevering-9-2/index.html]
[wieisdemol.assets.avrotros.nl/poms_import/item_2166.jpg]
[wieisdemol.avrotros.nl/afleveringen/item/vooruitblik-aflevering-6-2/index.html]
[wieisdemol.assets.avrotros.nl/_processed_/7/c/csm_widm24-exclusief-privileges2_1f8e0d0168.jpg]
[wieisdemol.avrotros.nl/afleveringen/item/exclusief-de-volgende-penningmeester/index.html]
[wieisdemol.assets.avrotros.nl/_processed_/f/2/csm_widm24-afvaller5-jeroen_830188c4cf.jpg]
[wieisdemol.avrotros.nl/afleveringen/item/dagboek-van-de-afvaller-jeroen-spitzenberger/index.html]
[wieisdemol.assets.avrotros.nl/_processed_/f/1/csm_NDM-thumbnail-Jeroen_f3eec1b118.jpg]
[wieisdemol.assets.avrotros.nl/user_upload/WIDM24/Niet de Mol/NDM-4-Jeroen.jpg]
[wieisdemol.avrotros.nl/afleveringen/item/niet-de-mol-4-jeroen/index.html]
[wieisdemol.assets.avrotros.nl/_processed_/e/8/csm_Exclusief-2-aflevering3_f17a2eea15.jpg]
[wieisdemol.assets.avrotros.nl/_processed_/8/e/csm_widm24-exclusief-keeswordtgerold_f8f2265904.jpg]
[wieisdemol.avrotros.nl/afleveringen/item/exclusief-chaos-na-de-eliminatie/index.html]
[wieisdemol.assets.avrotros.nl/_processed_/5/b/csm_widm24-opdracht1-diadeltopito_6ad24b6260.png]
[wieisdemol.avrotros.nl/afleveringen/item/opdracht-1-dia-del-topito/index.html]
[wieisdemol.assets.avrotros.nl/_processed_/2/7/csm_widm24-afvaller3-justin_6f8080321e.jpg]
[wieisdemol.avrotros.nl/afleveringen/item/dagboek-van-de-afvaller-justin-mooijer/index.html]
[wieisdemol.assets.avrotros.nl/_processed_/6/8/csm_NDM-thumbnail-Babs_3e31c43bca.jpg]
[wieisdemol.avrotros.nl/afleveringen/item/exclusief-kees-wordt-gerold-1/index.html]
[wieisdemol.assets.avrotros.nl/user_upload/WIDM24/Niet de Mol/Niet-de-mol-Babs-Splinter.jpg]
[wieisdemol.assets.avrotros.nl/_processed_/f/a/csm_NDM-thumbnail-AnnickV2_37ee07ada2.jpg]
[wieisdemol.assets.avrotros.nl/_processed_/2/3/csm_NDM-thumbnail-Anke_e66fad9d66.jpg]
[wieisdemol.assets.avrotros.nl/_processed_/5/4/csm_NDM-thumbnail-Soy_9adbd902d9.jpg]
[wieisdemol.avrotros.nl/afleveringen/item/niet-de-mol-2024-1-babs/index.html]
[wieisdemol.assets.avrotros.nl/_processed_/c/2/csm_NDM-thumbnail-Justin_774cfdb130.jpg]
[wieisdemol.assets.avrotros.nl/user_upload/WIDM24/Niet de Mol/Justin-Niet-De-Mol.jpg]
[wieisdemol.avrotros.nl/afleveringen/item/niet-de-mol-4-annick-boer/index.html]
[wieisdemol.avrotros.nl/afleveringen/item/niet-de-mol-3-justin/index.html]
[wieisdemol.avrotros.nl/afleveringen/item/niet-de-mol-4-1/index.html]
[wieisdemol.avrotros.nl/afleveringen/item/niet-de-mol-6-anke-de-jong/index.html]
[wieisdemol.avrotros.nl/afleveringen/item/niet-de-mol-7-soy-kroon/index.html]
[wieisdemol.assets.avrotros.nl/_processed_/0/e/csm_NDM-thumbnail-Jip_1feeb777c9.jpg]
[wieisdemol.assets.avrotros.nl/user_upload/WIDM24/Niet de Mol/NDM-thumbnail-Jip-Splinter-2024.jpg]
[wieisdemol.avrotros.nl/afleveringen/item/niet-de-mol-2024-2-jip/index.html]
[wieisdemol.assets.avrotros.nl/_processed_/e/9/csm_widm24_persfoto_rik_125e0d5c77.jpg]
[wieisdemol.assets.avrotros.nl/_processed_/2/2/csm_Tarotkaarten-prijsvraag_ae47bf8d42.jpg]
[wieisdemol.assets.avrotros.nl/_processed_/4/6/csm_Medaillon_473438dfd9.jpg]
[wieisdemol.avrotros.nl/afleveringen/item/abonneer-je-op-de-nieuwsbrief/index.html]
[resources.assets.avrotros.nl/avrotros-resources/scripts/at-newsletter-subscriptionc3d7.js]
[wieisdemol.assets.avrotros.nl/_processed_/d/9/csm_widm24-exclusief-wiekomterterug_50e1e8bd96.jpg]
[wieisdemol.avrotros.nl/afleveringen/item/exclusief-wie-keert-er-terug/index.html]
[wieisdemol.assets.avrotros.nl/_processed_/f/7/csm_widm24-opdracht1-kijkenkijken-1_f6a43a2cbe.jpg]
[wieisdemol.avrotros.nl/afleveringen/item/opdracht-41-1/index.html]
[wieisdemol.assets.avrotros.nl/_processed_/d/7/csm_widm24-opdracht2-stadenlandaflopen-1_4893f74d94.jpg]
[wieisdemol.assets.avrotros.nl/_processed_/1/4/csm_Topo-problems-prijsvraag_7a11c299fe.jpg]
[wieisdemol.avrotros.nl/afleveringen/item/opdracht-2-stad-en-land-aflopen/index.html]
[wieisdemol.assets.avrotros.nl/_processed_/2/5/csm_widm24-exclusief-penningmeester_f80d9d747d.png]
[wieisdemol.avrotros.nl/afleveringen/item/exclusief-wie-wordt-de-penningmeester/index.html]
[wieisdemol.assets.avrotros.nl/_processed_/0/5/csm_widm24-opdracht1-molympischespelen-1_513afae9a4.png]
[wieisdemol.assets.avrotros.nl/_processed_/c/1/csm_Prijsvraag-aflevering2_0f676472bd.jpg]
[wieisdemol.avrotros.nl/afleveringen/item/opdracht-1-de-molympische-spelen/index.html]
[wieisdemol.assets.avrotros.nl/_processed_/c/4/csm_widm24-opdracht2-speeddate_a9ac620acd.png]
[wieisdemol.assets.avrotros.nl/_processed_/c/7/csm_Blokkentoren-prijsvraag_584105b202.jpg]
[wieisdemol.avrotros.nl/afleveringen/item/opdracht-2-speeddate/index.html]
[wieisdemol.assets.avrotros.nl/_processed_/2/5/csm_widm24-opdracht2-hoogspelspelen-1_43315a8973.jpg]
[wieisdemol.avrotros.nl/afleveringen/item/opdracht-2-hoog-spel-spelen-2/index.html]
[wieisdemol.assets.avrotros.nl/_processed_/0/0/csm_widm24-opdracht3-ophetspelzetten-1_dd905cf262.jpg]
[wieisdemol.avrotros.nl/afleveringen/item/opdracht-3-op-het-spel-zetten/index.html]
[wieisdemol.assets.avrotros.nl/_processed_/8/6/csm_2-Eliminatie-Jeroen-Jip-Kees-Fons-Tooske-Justin-Anna-Rian-Sor_aa0a4ae5c2.jpg]
[wieisdemol.avrotros.nl/afleveringen/item/exclusief-een-beoogde-mol-is-naar-huis/index.html]
[wieisdemol.assets.avrotros.nl/_processed_/3/7/csm_widm24-opdracht2-hetgebaandepad-1_bdf851f836.jpg]
[wieisdemol.avrotros.nl/afleveringen/item/opdracht-2-het-gebaande-pad/index.html]
[wieisdemol.assets.avrotros.nl/_processed_/9/f/csm_widm24-opdracht3-afwegen-1_13428a8558.jpg]
[wieisdemol.avrotros.nl/afleveringen/item/opdracht-3-afwegen/index.html]
[wieisdemol.assets.avrotros.nl/_processed_/a/2/csm_widm24-exclusief-bubbelbad_3c52a6eef8.png]
[wieisdemol.avrotros.nl/afleveringen/item/exclusief-met-rik-in-een-bubbelbad/index.html]
[wieisdemol.assets.avrotros.nl/_processed_/1/f/csm_widm24-opdracht1-deviolenstemmen-1_ad924c1b1a.jpg]
[wieisdemol.avrotros.nl/afleveringen/item/opdracht-1-de-violen-stemmen/index.html]
[wieisdemol.assets.avrotros.nl/_processed_/4/6/csm_widm24-opdracht3-ermeeworstelen-1_7a9752de5d.jpg]
[wieisdemol.avrotros.nl/afleveringen/item/opdracht-3-er-mee-worstelen/index.html]
[wieisdemol.assets.avrotros.nl/_processed_/6/3/csm_Exclusief.1.2-eliminatie_497eced113.jpg]
[wieisdemol.avrotros.nl/afleveringen/item/exclusief-de-reacties-op-de-eerste-eliminatie/index.html]
[wieisdemol.assets.avrotros.nl/_processed_/d/a/csm_widm24-afvaller2-jip_b5a78cdf87.jpg]
[wieisdemol.avrotros.nl/afleveringen/item/dagboek-van-de-afvaller-jip-van-den-toorn/index.html]
[wieisdemol.assets.avrotros.nl/_processed_/3/3/csm_widm24-opdracht2-uitzitten-1_d5819c65fb.png]
[wieisdemol.avrotros.nl/afleveringen/item/opdracht-2-uitzitten/index.html]
[wieisdemol.assets.avrotros.nl/_processed_/0/a/csm_widm24-opdracht3-afschilderen_8e40c41235.png]
[wieisdemol.avrotros.nl/afleveringen/item/opdracht-3-afschilderen/index.html]
[wieisdemol.assets.avrotros.nl/_processed_/1/d/csm_widm24-afvaller1-babs_944f076d5e.jpg]
[wieisdemol.assets.avrotros.nl/_processed_/b/a/csm_upload_widm_14_blik_in_de_toekomst_1391692540_b9f4e12ed0.jpg]
[wieisdemol.assets.avrotros.nl/_processed_/3/d/csm_upload_avro_1655885_1393834907_d225dfa87d.jpg]
[wieisdemol.assets.avrotros.nl/_processed_/8/3/csm_upload_widm14_afl6_opdr3_1391609735_3c77fb1e73.jpg]
[wieisdemol.assets.avrotros.nl/_processed_/a/8/csm_item_1664_7e40c3e3c7.jpg]
[wieisdemol.assets.avrotros.nl/_processed_/6/6/csm_668562_8a72b89d58.png]
[wieisdemol.avrotros.nl/afleveringen/item/dagboek-van-de-afvaller-babs-schutte/index.html]
[wieisdemol.avrotros.nl/afleveringen/item/widm-seizoen-14-aflevering-7-moet-je-zien-27-02-2014/index.html]
[wieisdemol.avrotros.nl/afleveringen/item/opdracht-3-blik-in-de-toekomst/index.html]
[wieisdemol.avrotros.nl/afleveringen/item/widm-seizoen-14-aflevering-6-5-op-een-rij-06-02-2014/index.html]
[wieisdemol.assets.avrotros.nl/_processed_/d/1/csm_Moltalk9_ba56e20687.jpg]
[wieisdemol.assets.avrotros.nl/_processed_/4/e/csm_MolTalk8_78a71a2aa5.jpg]
[wieisdemol.assets.avrotros.nl/_processed_/9/9/csm_Moltalk-gasten-7_336efc7bdc.jpg]
[wieisdemol.assets.avrotros.nl/_processed_/8/b/csm_MolTalk-gasten-6_19daf17f5b.jpg]
[wieisdemol.assets.avrotros.nl/_processed_/c/9/csm_Moltalk5_092e5a7ecf.jpg]
[wieisdemol.assets.avrotros.nl/_processed_/3/d/csm_Moltalk-2-14-januari-1280x720_d720ea981f.jpg]
[wieisdemol.avrotros.nl/moltalk/item/moltalk-aflevering-9-2/index.html]
[wieisdemol.avrotros.nl/moltalk/item/moltalk-aflevering-8-2/index.html]
[wieisdemol.avrotros.nl/moltalk/item/moltalk-aflevering-7-2/index.html]
[kmnl.tns-nipo.com/index.html]
[wieisdemol.avrotros.nl/moltalk/item/moltalk-aflevering-6-2/index.html]
[wieisdemol.avrotros.nl/moltalk/item/moltalk-aflevering-2-2/index.html]
[wieisdemol.avrotros.nl/moltalk/item/moltalk-aflevering-5-2/index.html]
[wieisdemol.assets.avrotros.nl/_processed_/8/e/csm_widm24-exclusief-keeswordtgerold_2381050007.jpg]
[wieisdemol.avrotros.nl/afleveringen/item/exclusief-kees-wordt-gerold-1/index.html]
[wieisdemol.assets.avrotros.nl/_processed_/f/a/csm_NDM-thumbnail-AnnickV2_6687f34bde.jpg]
[wieisdemol.assets.avrotros.nl/_processed_/9/a/csm_widm23-aflevering4-weglopen2_1cd7b5dcee.png]
[wieisdemol.assets.avrotros.nl/_processed_/6/5/csm_widm-dagboekafvaller4_88e68013d8.png]
[wieisdemol.avrotros.nl/afleveringen/item/aflevering-4-weglopen/index.html]
[wieisdemol.assets.avrotros.nl/_processed_/0/b/csm_moltalk4_7e20927f42.jpg]
[wieisdemol.assets.avrotros.nl/_processed_/2/e/csm_NDM-thumbnail-Sander_5fef2177a4.jpg]
[wieisdemol.avrotros.nl/afleveringen/item/dagboek-van-de-afvaller-annick-boer/index.html]
[wieisdemol.assets.avrotros.nl/_processed_/6/3/csm_NDM-thumbnail-finalisten_7da127f5e0.jpg]
[wieisdemol.assets.avrotros.nl/_processed_/2/b/csm_NDM-thumbnail-Sarah_184ce00d37.jpg]
[wieisdemol.avrotros.nl/afleveringen/item/niet-de-mol-4-annick-boer/index.html]
[wieisdemol.avrotros.nl/moltalk/item/moltalk-aflevering-4-2/index.html]
[wieisdemol.avrotros.nl/afleveringen/item/niet-de-mol-3-sander-de-kramer/index.html]
[wieisdemol.assets.avrotros.nl/_processed_/2/3/csm_NDM-thumbnail-Anke_8671055917.jpg]
[wieisdemol.avrotros.nl/afleveringen/item/niet-de-mol-8-de-finalisten/index.html]
[wieisdemol.avrotros.nl/afleveringen/item/niet-de-mol-1-sarah-janneh/index.html]
[wieisdemol.assets.avrotros.nl/_processed_/4/f/csm_widm23-dagboek6_000819d0f0.png]
[wieisdemol.assets.avrotros.nl/_processed_/d/6/csm_7-TE-Anke-Daniel1280x720_3378b42a65.jpg]
[wieisdemol.avrotros.nl/afleveringen/item/dagboek-van-de-afvaller-anke-de-jong/index.html]
[wieisdemol.assets.avrotros.nl/_processed_/9/d/csm_NDM-thumbnail-Nabil_150afd7c5d.jpg]
[wieisdemol.avrotros.nl/afleveringen/item/niet-de-mol-6-anke-de-jong/index.html]
[wieisdemol.assets.avrotros.nl/_processed_/5/4/csm_NDM-thumbnail-Soy_cc3c5038ef.jpg]
[wieisdemol.avrotros.nl/afleveringen/item/niet-de-mol5-nabil-aoulad-ayad/index.html]
[wieisdemol.avrotros.nl/afleveringen/item/exclusief-reacties-op-de-eliminatie/index.html]
[wieisdemol.assets.avrotros.nl/_processed_/6/1/csm_widm23-dagboek7_0391f3d6f3.png]
[wieisdemol.assets.avrotros.nl/_processed_/4/5/csm_widm23-aflevering9_aa5d855ebb.png]
[wieisdemol.avrotros.nl/afleveringen/item/niet-de-mol-7-soy-kroon/index.html]
[wieisdemol.avrotros.nl/afleveringen/item/dagboek-van-de-afvaller-soy-kroon/index.html]
[wieisdemol.assets.avrotros.nl/_processed_/8/7/csm_upload_avro_1655885_1393834907_dbcff18125.jpg]
[wieisdemol.avrotros.nl/afleveringen/item/aflevering-9-molafspraak/index.html]
[wieisdemol.assets.avrotros.nl/_processed_/8/2/csm_Moltalk-3-2023_49c3097448.jpg]
[wieisdemol.assets.avrotros.nl/_processed_/e/1/csm_widm23-exclusief-commandomol_6716405a4c.png]
[wieisdemol.avrotros.nl/afleveringen/item/widm-seizoen-14-aflevering-7-moet-je-zien-27-02-2014/index.html]
[wieisdemol.assets.avrotros.nl/poms_import/item_1664.jpg]
[wieisdemol.avrotros.nl/afleveringen/item/exclusief-commando-mol/index.html]
[wieisdemol.avrotros.nl/moltalk/item/moltalk-aflevering-3-1/index.html]
[wieisdemol.assets.avrotros.nl/_processed_/a/9/csm_widm23-opdracht3-analogetest_ba93c0c1c1.png]
[wieisdemol.assets.avrotros.nl/_processed_/5/1/csm_WIDM Opdracht 4.1_3b1c6e9f43.jpg]
[wieisdemol.assets.avrotros.nl/_processed_/d/1/csm_2019_4_opdr3_thumb_6cad734e04.jpg]
[wieisdemol.assets.avrotros.nl/_processed_/7/a/csm_item_1272_1c6113fcd4.jpg]
[wieisdemol.avrotros.nl/afleveringen/item/opdracht-3-analoge-test/index.html]
[wieisdemol.avrotros.nl/afleveringen/item/opdracht-3-blik-in-de-toekomst/index.html]
[wieisdemol.assets.avrotros.nl/media_import/668562.png]
[wieisdemol.avrotros.nl/afleveringen/item/opdracht-41/index.html]
[wieisdemol.avrotros.nl/afleveringen/item/koffiepedia/index.html]
[wieisdemol.assets.avrotros.nl/_processed_/5/c/csm_widm-exclusief-kamerindeling_a8d1f0efc7.png]
[wieisdemol.assets.avrotros.nl/_processed_/3/9/csm_tygo_aantafel_jubileum_6195caf935.jpg]
[wieisdemol.avrotros.nl/afleveringen/item/afl-4-koffiepedia/index.html]
[wieisdemol.avrotros.nl/afleveringen/item/widm-seizoen-14-aflevering-6-5-op-een-rij-06-02-2014/index.html]
[wieisdemol.assets.avrotros.nl/_processed_/4/e/csm_MolTalk8_b20564c7f5.jpg]
[wieisdemol.assets.avrotros.nl/_processed_/1/a/csm_Moltalk-aflevering1-gasten_c89be3552c.jpg]
[wieisdemol.avrotros.nl/afleveringen/item/dagboek-van-de-verliezend-finalist-3/index.html]
[wieisdemol.assets.avrotros.nl/_processed_/d/5/csm_Moltalk-a6 voor web_58ad54256e.jpg]
[wieisdemol.avrotros.nl/afleveringen/item/exclusief-kamerindeling-1/index.html]
[wieisdemol.avrotros.nl/moltalk/item/moltalk-aflevering-8-2/index.html]
[wieisdemol.avrotros.nl/moltalk/item/moltalk-aflevering-1-1/index.html]
[wieisdemol.avrotros.nl/moltalk/item/moltalk-aflevering-6/index.html]
[wieisdemol.assets.avrotros.nl/_processed_/9/9/csm_Moltalk-gasten-7_2cb0e115da.jpg]
[wieisdemol.assets.avrotros.nl/_processed_/5/b/csm_Drietal-MolTalk-voor-web_52c92bdecf.jpg]
[wieisdemol.avrotros.nl/moltalk/item/moltalk-aflevering-7-2/index.html]
[wieisdemol.assets.avrotros.nl/_processed_/8/b/csm_MolTalk-gasten-6_0c918cbc69.jpg]
[wieisdemol.assets.avrotros.nl/_processed_/a/b/csm_widm23-aflevering6-lijdensweg_13c1854918.png]
[wieisdemol.avrotros.nl/moltalk/item/moltalk-aflevering-2-1/index.html]
[wieisdemol.assets.avrotros.nl/_processed_/5/6/csm_widm23-opdracht1-altaarego_58514f03a5.png]
[wieisdemol.avrotros.nl/moltalk/item/moltalk-aflevering-6-2/index.html]
[wieisdemol.assets.avrotros.nl/_processed_/c/9/csm_Moltalk5_4958e45879.jpg]
[wieisdemol.avrotros.nl/afleveringen/item/opdracht-1-altaar-ego-1/index.html]
[wieisdemol.avrotros.nl/afleveringen/item/aflevering-6-lijdensweg/index.html]
[wieisdemol.assets.avrotros.nl/_processed_/1/5/csm_WIDM-aflevering5_0aa4442d35.jpg]
[wieisdemol.assets.avrotros.nl/_processed_/7/f/csm_exclusief-4.2_dce281494a.jpg]
[wieisdemol.avrotros.nl/moltalk/item/moltalk-aflevering-5-2/index.html]
[wieisdemol.assets.avrotros.nl/_processed_/3/d/csm_Moltalk-2-14-januari-1280x720_368ccfcb5e.jpg]
[wieisdemol.avrotros.nl/moltalk/item/moltalk-aflevering-2-2/index.html]
[wieisdemol.assets.avrotros.nl/_processed_/9/a/csm_widm23-aflevering4-weglopen2_4b401a28a6.png]
[wieisdemol.avrotros.nl/afleveringen/item/exclusief-wie-heeft-het-rode-scherm-gezien/index.html]
[wieisdemol.avrotros.nl/afleveringen/item/aflevering-5-portretten/index.html]
[wieisdemol.assets.avrotros.nl/_processed_/6/f/csm_widm-aflevering3-header_18bb0eb773.png]
[wieisdemol.assets.avrotros.nl/_processed_/4/d/csm_WIDM-3.2-Typo_4995af3d31.jpg]
[wieisdemol.assets.avrotros.nl/_processed_/6/0/csm_widm23-opdracht1_30f411a256.jpg]
[wieisdemol.assets.avrotros.nl/_processed_/7/e/csm_widm23-Opdracht2-aflevering1_b56c746aa0.jpg]
[wieisdemol.assets.avrotros.nl/_processed_/5/2/csm_WIDM-aflevering1-prijsvraag_73ebc31ee4.jpg]
[wieisdemol.avrotros.nl/afleveringen/item/aflevering-3-spelbreker/index.html]
[wieisdemol.avrotros.nl/afleveringen/item/aflevering-4-weglopen/index.html]
[wieisdemol.avrotros.nl/afleveringen/item/exclusief-hoelang-blijft-dit-geheim/index.html]
[wieisdemol.avrotros.nl/afleveringen/item/opdracht-2-gulden-middenweg/index.html]
[wieisdemol.avrotros.nl/afleveringen/item/opdracht-1-padvinders-1/index.html]
[wieisdemol.assets.avrotros.nl/_processed_/6/5/csm_widm-dagboekafvaller4_298112126e.png]
[wieisdemol.assets.avrotros.nl/_processed_/1/e/csm_widm23-opdracht3-moltelefoon_5e83c3fc88.png]
[wieisdemol.assets.avrotros.nl/_processed_/b/c/csm_widm23-dagboek5_0797a068bd.png]
[wieisdemol.assets.avrotros.nl/_processed_/1/0/csm_item_1962_592a6762e5.jpg]
[wieisdemol.assets.avrotros.nl/_processed_/f/1/csm_widm23_dagboek_afvaller1_e4526c8c4e.png]
[wieisdemol.avrotros.nl/afleveringen/item/opdracht-3-moltelefoon/index.html]
[wieisdemol.assets.avrotros.nl/_processed_/a/d/csm_Molveiling-2023_86c97e0ac8.jpg]
[wieisdemol.avrotros.nl/afleveringen/item/dagboek-van-de-afvaller-annick-boer/index.html]
[wieisdemol.avrotros.nl/afleveringen/item/dagboek-van-de-afvaller-nabil-aoulad-ayad/index.html]
[wieisdemol.assets.avrotros.nl/_processed_/0/b/csm_moltalk4_ae78bac8dd.jpg]
[wieisdemol.avrotros.nl/afleveringen/item/vooruitblik-aflevering-1-1/index.html]
[wieisdemol.assets.avrotros.nl/_processed_/1/9/csm_MolTalk-3 voor web_7b34ea67cf.jpg]
[wieisdemol.avrotros.nl/moltalk/item/moltalk-aflevering-4-2/index.html]
[wieisdemol.avrotros.nl/afleveringen/item/dagboek-van-de-afvaller-sarah-janneh/index.html]
[wieisdemol.assets.avrotros.nl/_processed_/2/e/csm_NDM-thumbnail-Sander_6df3729dad.jpg]
[wieisdemol.assets.avrotros.nl/_processed_/c/b/csm_widm23-dagboek-afvaller3_a4109f747b.png]
[wieisdemol.assets.avrotros.nl/_processed_/2/e/csm_NDM-thumbnail-Froukje_ffdd25f400.jpg]
[wieisdemol.avrotros.nl/moltalk/item/moltalk-aflevering-3/index.html]
[wieisdemol.avrotros.nl/afleveringen/item/niet-de-mol-3-sander-de-kramer/index.html]
[wieisdemol.assets.avrotros.nl/_processed_/6/3/csm_NDM-thumbnail-finalisten_1862305c49.jpg]
[wieisdemol.assets.avrotros.nl/_processed_/8/d/csm_WIDM-Finalisten-1280x720_3fec67e6f0.jpg]
[wieisdemol.avrotros.nl/afleveringen/item/niet-de-mol-2-froukje-de-both/index.html]
[wieisdemol.assets.avrotros.nl/_processed_/5/a/csm_WIDM-seizoen23-kandidaten_84e46b9136.jpg]
[wieisdemol.avrotros.nl/afleveringen/item/niet-de-mol-8-de-finalisten/index.html]
[wieisdemol.avrotros.nl/afleveringen/item/dagboek-van-de-afvaller-sander-de-kramer/index.html]
[wieisdemol.assets.avrotros.nl/_processed_/2/b/csm_NDM-thumbnail-Sarah_9431e73693.jpg]
[wieisdemol.assets.avrotros.nl/_processed_/e/0/csm_widm23-aflevering2-V2_2163c49c68.jpg]
[wieisdemol.avrotros.nl/afleveringen/item/aflevering-10-pokerface/index.html]
[wieisdemol.assets.avrotros.nl/_processed_/0/c/csm_Podcast-Splinter-voor-web_913b2ab887.jpg]
[wieisdemol.assets.avrotros.nl/_processed_/6/d/csm_widm23-opdracht1-stalenzenuwen_5526686028.png]
[wieisdemol.avrotros.nl/afleveringen/item/niet-de-mol-1-sarah-janneh/index.html]
[wieisdemol.assets.avrotros.nl/_processed_/4/f/csm_widm23-dagboek6_d73cbe0a53.png]
[wieisdemol.avrotros.nl/afleveringen/item/de-wie-is-de-mol-podcast-seizoen-22/index.html]
[wieisdemol.avrotros.nl/afleveringen/item/aflevering-2-kunstgreep/index.html]
[wieisdemol.avrotros.nl/afleveringen/item/opdracht-1-stalen-zenuwen/index.html]
[wieisdemol.assets.avrotros.nl/_processed_/d/2/csm_Dagboek-Mol-Website_50b38682a9.jpg]
[wieisdemol.assets.avrotros.nl/_processed_/3/0/csm_Dagboek-winnaar_website_4fce8112b8.jpg]
[wieisdemol.assets.avrotros.nl/_processed_/1/1/csm_Dagboek-verliezend-finalist_website_a71710adff.jpg]
[wieisdemol.avrotros.nl/afleveringen/item/dagboek-van-de-mol-jurre-geluk/index.html]
[wieisdemol.assets.avrotros.nl/_processed_/c/f/csm_Molcadeau-1280x720_32c2f12807.jpg]
[wieisdemol.avrotros.nl/afleveringen/item/dagboek-van-de-winnaar-daniel-verlaan/index.html]
[wieisdemol.avrotros.nl/afleveringen/item/dagboek-van-de-afvaller-anke-de-jong/index.html]
[wieisdemol.avrotros.nl/afleveringen/item/dagboek-van-de-verliezend-finalist-ranomi-kromowidjojo/index.html]
[wieisdemol.assets.avrotros.nl/_processed_/d/6/csm_7-TE-Anke-Daniel1280x720_2449387275.jpg]
[wieisdemol.assets.avrotros.nl/_processed_/f/8/csm_widm23-exclusief-alleenmaarvloeken_4b2c331a84.png]
[wieisdemol.assets.avrotros.nl/_processed_/1/2/csm_widm23-aflevering7-inzichtelijk_ddbaadbfbb.png]
[wieisdemol.avrotros.nl/afleveringen/item/exclusief-alleen-maar-vloeken/index.html]
[wieisdemol.assets.avrotros.nl/_processed_/b/6/csm_Thumb POMS EV afscheid1_1c421972fb.jpg]
[wieisdemol.avrotros.nl/afleveringen/item/aflevering-7-inzichtelijk/index.html]
[wieisdemol.assets.avrotros.nl/_processed_/6/f/csm_Exclusief-Nabil-afscheid_aec90c0c09.jpg]
[wieisdemol.avrotros.nl/afleveringen/item/exclusief-reacties-op-de-eliminatie/index.html]
[wieisdemol.assets.avrotros.nl/_processed_/9/d/csm_NDM-thumbnail-Nabil_927c7b68f7.jpg]
[wieisdemol.assets.avrotros.nl/_processed_/5/e/csm_widm23-opdracht3_8d71fd2850.png]
[wieisdemol.avrotros.nl/afleveringen/item/exclusief-een-potentiele-mol-minder/index.html]
[wieisdemol.avrotros.nl/afleveringen/item/niet-de-mol5-nabil-aoulad-ayad/index.html]
[wieisdemol.avrotros.nl/afleveringen/item/exclusief-mag-nabil-afscheid-nemen/index.html]
[wieisdemol.assets.avrotros.nl/_processed_/6/1/csm_widm23-dagboek7_ea8424e239.png]
[wieisdemol.assets.avrotros.nl/_processed_/1/6/csm_widm23-opdracht1-abvallers_176074bed4.png]
[wieisdemol.avrotros.nl/afleveringen/item/opdracht-3-opkofferen-1/index.html]
[wieisdemol.assets.avrotros.nl/_processed_/a/3/csm_WIDM-Finale-Rik-Soestdijk-1280x720_f02765dfb6.jpg]
[wieisdemol.avrotros.nl/afleveringen/item/dagboek-van-de-afvaller-soy-kroon/index.html]
[wieisdemol.assets.avrotros.nl/_processed_/4/5/csm_widm23-aflevering9_c39c3027f5.png]
[wieisdemol.assets.avrotros.nl/_processed_/b/8/csm_widm23-opdracht2-vanruilenkomthuilen_4d8a91bce5.png]
[wieisdemol.avrotros.nl/afleveringen/item/opdracht-1-abvallers/index.html]
[wieisdemol.assets.avrotros.nl/_processed_/c/a/csm_WIDM-23-aflevering-2-exlusief-2_a7849bc403.jpg]
[wieisdemol.assets.avrotros.nl/_processed_/d/5/csm_widm23-opdracht1-stoelendans_2795c317d1.png]
[wieisdemol.assets.avrotros.nl/_processed_/d/4/csm_widm23-exclusief-zingenendansen_cddaa1d507.png]
[wieisdemol.avrotros.nl/afleveringen/item/opdracht-2-van-ruilen-komt-huilen/index.html]
[wieisdemol.assets.avrotros.nl/_processed_/0/b/csm_5 _ 6 hele groep_1f1ec05605.jpg]
[wieisdemol.avrotros.nl/afleveringen/item/aflevering-9-molafspraak/index.html]
[wieisdemol.avrotros.nl/afleveringen/item/exclusief-de-ketting-van-froukje-1/index.html]
[wieisdemol.avrotros.nl/afleveringen/item/opdracht-1-stoelendans/index.html]
[wieisdemol.assets.avrotros.nl/_processed_/8/2/csm_Moltalk-3-2023_3b92aeab2c.jpg]
[wieisdemol.avrotros.nl/afleveringen/item/exclusief-zingen-en-dansen-tegelijk/index.html]
[wieisdemol.avrotros.nl/afleveringen/item/exclusief-grootste-angst/index.html]
[wieisdemol.avrotros.nl/moltalk/item/moltalk-aflevering-3-1/index.html]
[wieisdemol.avrotros.nl/afleveringen/item/exclusief-commando-mol/index.html]
[wieisdemol.avrotros.nl/afleveringen/item/opdracht-3-analoge-test/index.html]
[wieisdemol.avrotros.nl/afleveringen/item/opdracht-41/index.html]
[wieisdemol.avrotros.nl/afleveringen/item/koffiepedia/index.html]
[wieisdemol.avrotros.nl/afleveringen/item/afl-4-koffiepedia/index.html]
[wieisdemol.avrotros.nl/afleveringen/item/exclusief-kamerindeling-1/index.html]
[wieisdemol.avrotros.nl/afleveringen/item/dagboek-van-de-verliezend-finalist-3/index.html]
[wieisdemol.avrotros.nl/moltalk/item/moltalk-aflevering-1-1/index.html]
[wieisdemol.avrotros.nl/moltalk/item/moltalk-aflevering-6/index.html]
[wieisdemol.avrotros.nl/moltalk/item/moltalk-aflevering-2-1/index.html]
[wieisdemol.avrotros.nl/afleveringen/item/aflevering-6-lijdensweg/index.html]
[wieisdemol.avrotros.nl/afleveringen/item/opdracht-1-altaar-ego-1/index.html]
[wieisdemol.avrotros.nl/afleveringen/item/aflevering-5-portretten/index.html]
[wieisdemol.avrotros.nl/afleveringen/item/exclusief-wie-heeft-het-rode-scherm-gezien/index.html]
[wieisdemol.avrotros.nl/afleveringen/item/aflevering-3-spelbreker/index.html]
[wieisdemol.avrotros.nl/afleveringen/item/exclusief-hoelang-blijft-dit-geheim/index.html]
[wieisdemol.avrotros.nl/afleveringen/item/opdracht-1-padvinders-1/index.html]
[wieisdemol.avrotros.nl/afleveringen/item/opdracht-2-gulden-middenweg/index.html]
[wieisdemol.avrotros.nl/afleveringen/item/opdracht-3-moltelefoon/index.html]
[wieisdemol.avrotros.nl/afleveringen/item/dagboek-van-de-afvaller-nabil-aoulad-ayad/index.html]
[wieisdemol.avrotros.nl/afleveringen/item/vooruitblik-aflevering-1-1/index.html]
[wieisdemol.avrotros.nl/afleveringen/item/dagboek-van-de-afvaller-sarah-janneh/index.html]
[wieisdemol.avrotros.nl/moltalk/item/moltalk-aflevering-3/index.html]
[wieisdemol.avrotros.nl/afleveringen/item/dagboek-van-de-afvaller-sander-de-kramer/index.html]
[wieisdemol.avrotros.nl/afleveringen/item/niet-de-mol-2-froukje-de-both/index.html]
[wieisdemol.avrotros.nl/afleveringen/item/aflevering-10-pokerface/index.html]
[wieisdemol.avrotros.nl/afleveringen/item/aflevering-2-kunstgreep/index.html]
[wieisdemol.avrotros.nl/afleveringen/item/de-wie-is-de-mol-podcast-seizoen-22/index.html]
[wieisdemol.avrotros.nl/afleveringen/item/opdracht-1-stalen-zenuwen/index.html]
[wieisdemol.avrotros.nl/afleveringen/item/dagboek-van-de-mol-jurre-geluk/index.html]
[wieisdemol.avrotros.nl/afleveringen/item/dagboek-van-de-winnaar-daniel-verlaan/index.html]
[wieisdemol.avrotros.nl/afleveringen/item/dagboek-van-de-verliezend-finalist-ranomi-kromowidjojo/index.html]
[wieisdemol.avrotros.nl/afleveringen/item/exclusief-alleen-maar-vloeken/index.html]
[wieisdemol.avrotros.nl/afleveringen/item/aflevering-7-inzichtelijk/index.html]
[wieisdemol.avrotros.nl/afleveringen/item/exclusief-een-potentiele-mol-minder/index.html]
[wieisdemol.avrotros.nl/afleveringen/item/exclusief-mag-nabil-afscheid-nemen/index.html]
[wieisdemol.avrotros.nl/afleveringen/item/opdracht-3-opkofferen-1/index.html]
[wieisdemol.avrotros.nl/afleveringen/item/opdracht-1-abvallers/index.html]
[wieisdemol.avrotros.nl/afleveringen/item/opdracht-2-van-ruilen-komt-huilen/index.html]
[wieisdemol.avrotros.nl/afleveringen/item/exclusief-de-ketting-van-froukje-1/index.html]
[wieisdemol.avrotros.nl/afleveringen/item/opdracht-1-stoelendans/index.html]
[wieisdemol.avrotros.nl/afleveringen/item/exclusief-zingen-en-dansen-tegelijk/index.html]
[wieisdemol.avrotros.nl/afleveringen/item/exclusief-grootste-angst/index.html]
[wieisdemol.avrotros.nl/afleveringen/item/exclusief-busje-ruilen/index.html]
[wieisdemol.avrotros.nl/afleveringen/item/alle-molacties-en-highlights/index.html]
[wieisdemol.avrotros.nl/afleveringen/item/opdracht-2-zandlopers-1/index.html]
[wieisdemol.avrotros.nl/afleveringen/item/opdracht-1-uitvlakken/index.html]
[wieisdemol.avrotros.nl/afleveringen/item/exclusief-door-naar-aflevering-9/index.html]
[wieisdemol.avrotros.nl/afleveringen/item/opdracht-2-vuurproef/index.html]
[wieisdemol.avrotros.nl/afleveringen/item/opdracht-3-het-schip-ingaan/index.html]
[wieisdemol.avrotros.nl/afleveringen/item/opdracht-42/index.html]
[wieisdemol.avrotros.nl/afleveringen/item/opdracht-43/index.html]
[wieisdemol.avrotros.nl/afleveringen/item/extra-video-het-jokertje-van-de-penningmeester/index.html]
[wieisdemol.avrotros.nl/afleveringen/item/opdracht-21/index.html]
[wieisdemol.avrotros.nl/afleveringen/item/opdracht-22/index.html]
[wieisdemol.avrotros.nl/afleveringen/item/opdracht-33/index.html]
[wieisdemol.avrotros.nl/afleveringen/item/opdracht-61/index.html]
[wieisdemol.avrotros.nl/afleveringen/item/wegstoppen/index.html]
[wieisdemol.avrotros.nl/afleveringen/item/opdracht-2-de-boot-missen/index.html]
[wieisdemol.avrotros.nl/afleveringen/item/ver-tellen/index.html]
[wieisdemol.avrotros.nl/afleveringen/item/in-het-vizier/index.html]
[wieisdemol.avrotros.nl/afleveringen/item/afl-3-vlag-uithangen/index.html]
[wieisdemol.avrotros.nl/afleveringen/item/seizoen-23/index.html]
[wieisdemol.avrotros.nl/afleveringen/item/dagboek-van-de-winnaar-3/index.html]
[wieisdemol.avrotros.nl/afleveringen/item/dagboek-van-de-mol-3/index.html]
[wieisdemol.avrotros.nl/moltalk/item/moltalk-aflevering-7-17-10-2020/index.html]
[wieisdemol.avrotros.nl/afleveringen/item/deja-vu-17-10-2020/index.html]
[wieisdemol.avrotros.nl/afleveringen/item/finale-24-10-2020/index.html]
[wieisdemol.avrotros.nl/afleveringen/item/extra-molactie-en-interview-met-de-mol/index.html]
[wieisdemol.avrotros.nl/afleveringen/item/opdracht-3-aflevering-4/index.html]
[wieisdemol.avrotros.nl/afleveringen/item/opdracht-2-aflevering-4/index.html]
[wieisdemol.avrotros.nl/afleveringen/item/aflevering-1-verbinding/index.html]
[wieisdemol.avrotros.nl/afleveringen/item/extra-video-gemengde-gevoelens/index.html]
[wieisdemol.avrotros.nl/moltalk/item/moltalk-aflevering-5/index.html]
[wieisdemol.avrotros.nl/moltalk/item/moltalk-aflevering-8/index.html]
[wieisdemol.avrotros.nl/moltalk/item/moltalk-aflevering-7/index.html]
[wieisdemol.avrotros.nl/moltalk/item/moltalk-aflevering-4-1/index.html]
[wieisdemol.avrotros.nl/afleveringen/item/zwijgen/index.html]
[wieisdemol.avrotros.nl/afleveringen/item/dagboek-van-de-afvaller-aflevering-2/index.html]
[wieisdemol.avrotros.nl/afleveringen/item/niet-de-mol-2-glen-faria/index.html]
[wieisdemol.avrotros.nl/moltalk/item/moltalk-aflevering-8-1/index.html]
[wieisdemol.avrotros.nl/moltalk/item/moltalk-1/index.html]
[wieisdemol.avrotros.nl/moltalk/item/moltalk-aflevering-5-1/index.html]
[wieisdemol.avrotros.nl/afleveringen/item/opdracht-2-eendzame-hoogte-1/index.html]
[wieisdemol.avrotros.nl/afleveringen/item/opdracht-2-verschijning/index.html]
[wieisdemol.avrotros.nl/afleveringen/item/opdracht-3-toonaangevend/index.html]
[wieisdemol.avrotros.nl/afleveringen/item/aflevering-8-brandpunt/index.html]
[wieisdemol.avrotros.nl/afleveringen/item/opdracht-1-om-leiding/index.html]
[wieisdemol.avrotros.nl/afleveringen/item/opdracht-2-per-definitie/index.html]
[wieisdemol.avrotros.nl/afleveringen/item/opdracht-1-wie-wordt-de-mol/index.html]
[wieisdemol.avrotros.nl/afleveringen/item/opdracht-1-focusgroep/index.html]
[wieisdemol.avrotros.nl/afleveringen/item/vooruitblik-aflevering-9-1/index.html]
[wieisdemol.avrotros.nl/afleveringen/item/vooruitblik-aflevering-8-1/index.html]
[wieisdemol.avrotros.nl/afleveringen/item/vooruitblik-aflevering-6-1/index.html]
[wieisdemol.avrotros.nl/afleveringen/item/dagboek-van-de-afvaller-afl-3-4/index.html]
[wieisdemol.avrotros.nl/afleveringen/item/aflevering-3/index.html]
[wieisdemol.avrotros.nl/afleveringen/item/exclusief-dit-is-de-finale/index.html]
[wieisdemol.avrotros.nl/afleveringen/item/dagboek-van-de-afvaller-froukje-de-both/index.html]
[wieisdemol.avrotros.nl/afleveringen/item/exclusieve-molacties-en-geheime-aanwijzingen/index.html]
[wieisdemol.avrotros.nl/afleveringen/item/opdracht-2-propvol/index.html]
[wieisdemol.avrotros.nl/afleveringen/item/niet-de-mol-3-welmoed-sijtsma/index.html]
[wieisdemol.avrotros.nl/afleveringen/item/vooruitblik-aflevering-2-1/index.html]
[wieisdemol.avrotros.nl/afleveringen/item/beleef-wie-is-de-mol-met-audiodescriptie/index.html]
[wieisdemol.avrotros.nl/afleveringen/item/exclusief-roadtrip/index.html]
[wieisdemol.avrotros.nl/afleveringen/item/dagboek-van-de-afvaller-aflevering-5/index.html]
[wieisdemol.avrotros.nl/afleveringen/item/niet-de-mol-5-hila-noorzai/index.html]
[wieisdemol.avrotros.nl/afleveringen/item/exclusief-even-de-liefde-laten-stromen/index.html]
[wieisdemol.avrotros.nl/afleveringen/item/kettingreactie/index.html]
[wieisdemol.avrotros.nl/afleveringen/item/exclusief-ik-sta-helemaal-te-trillen/index.html]
[wieisdemol.avrotros.nl/afleveringen/item/exclusief-ik-wil-geen-afscheid-nemen/index.html]
[wieisdemol.avrotros.nl/afleveringen/item/exclusief-zijn-alle-vrijstellingen-nu-op/index.html]
[wieisdemol.avrotros.nl/afleveringen/item/mollenvanger/index.html]
[wieisdemol.avrotros.nl/moltalk/item/moltalk-aflevering-10/index.html]
[wieisdemol.avrotros.nl/afleveringen/item/stemmen/index.html]
[wieisdemol.avrotros.nl/afleveringen/item/exclusief-ontboezemingen-in-het-busje/index.html]
[wieisdemol.avrotros.nl/typo3conf/ext/wieisdemol_resources/Resources/Public/Favicon/favicon.ico]
[wieisdemol.avrotros.nl/typo3conf/ext/wieisdemol_resources/Resources/Public/GFX/widm-default-image.jpg]
[polyfill.io/v3/polyfill.minc216.js]
[wieisdemol.avrotros.nl/typo3temp/assets/js/301d3defeddf39.js]
[resources.assets.avrotros.nl/wieisdemol/styles/widm1572.css]
[cookies.avrotros.nl/index.html]
[ccm.npo.nl/index.html]
[search-api.avrotros.nl/index.html]
[resources.assets.avrotros.nl/avrotros-resources/scripts/vendor/jquery-latest.min3aa3.js]
[resources.assets.avrotros.nl/avrotros-resources/scripts/vendor/lodash/4.17.21/lodash.min6e1f.js]
[resources.assets.avrotros.nl/avrotros-resources/scripts/at-coree5f5.js]
[resources.assets.avrotros.nl/avrotros-resources/scripts/at-utm-atinternet75d3.js]
[resources.assets.avrotros.nl/wieisdemol/scripts/core20cf.js]
[hub.npo-data.nl/tags/tag.min.js]
[www.googletagmanager.com/gtm5445.html]
[wieisdemol.avrotros.nl/typo3conf/ext/wieisdemol_resources/Resources/Public/Favicon/apple-touch-icon.png]
[wieisdemol.avrotros.nl/typo3conf/ext/wieisdemol_resources/Resources/Public/Favicon/favicon-32x32.png]
[wieisdemol.avrotros.nl/typo3conf/ext/wieisdemol_resources/Resources/Public/Favicon/favicon-16x16.png]
[wieisdemol.avrotros.nl/typo3conf/ext/wieisdemol_resources/Resources/Public/Favicon/safari-pinned-tab.svg]
[connect.facebook.net/en_US/fbevents.js]
[wieisdemol.assets.avrotros.nl/user_upload/widm24-aflevering6-afvragen.jpg]
[wieisdemol.assets.avrotros.nl/user_upload/avatar-candidate-A.jpg]
[wieisdemol.assets.avrotros.nl/user_upload/avatar-candidate-B.jpg]
[wieisdemol.assets.avrotros.nl/user_upload/avatar-candidate-C.jpg]
[wieisdemol.assets.avrotros.nl/user_upload/avatar-candidate-D.jpg]
[wieisdemol.assets.avrotros.nl/user_upload/avatar-candidate-E.jpg]
[wieisdemol.assets.avrotros.nl/user_upload/avatar-candidate-F.jpg]
[wieisdemol.assets.avrotros.nl/user_upload/avatar-candidate-G.jpg]
[wieisdemol.assets.avrotros.nl/user_upload/avatar-candidate-H.jpg]
[wieisdemol.assets.avrotros.nl/user_upload/avatar-candidate-I.jpg]
[wieisdemol.assets.avrotros.nl/user_upload/avatar-candidate-J.jpg]
[wieisdemol.assets.avrotros.nl/_processed_/3/4/csm_widm24-afvaller5_01_9cc54a5868.jpg]
[wieisdemol.assets.avrotros.nl/_processed_/b/7/csm_widm24-aflevering6_dcede3278c.jpg]
[wieisdemol.assets.avrotros.nl/_processed_/c/f/csm_5.2-thumb_089494f664.jpg]
[wieisdemol.assets.avrotros.nl/_processed_/8/7/csm_MolTalk-6_2d344cea7d.jpg]
[wieisdemol.assets.avrotros.nl/_processed_/7/d/csm_NDM-thumbnail-6-2024_fefb2925bd.jpg]
[wieisdemol.assets.avrotros.nl/_processed_/e/b/csm_WIDM-podcast-2024_83ec85cdd6.jpg]
[wieisdemol.assets.avrotros.nl/_processed_/1/7/csm_widm24-opdracht1-nietsisiets-1_d2416a5668.jpg]
[wieisdemol.assets.avrotros.nl/_processed_/8/5/csm_widm24-opdracht2-bijelkaarpassen-1_2deb518a0e.jpg]
[wieisdemol.avrotros.nl/typo3temp/assets/_processed_/6/8/csm_footer-app_7c43e92a84.png]
[resources.assets.avrotros.nl/avrotros-resources/scripts/at-browser8aa6.js]
[resources.assets.avrotros.nl/avrotros-resources/scripts/at-piano-analytics27c4.js]
[resources.assets.avrotros.nl/avrotros-resources/scripts/at-toggles956e.js]
[resources.assets.avrotros.nl/avrotros-resources/scripts/at-lazy-defer2f88.js]
[resources.assets.avrotros.nl/avrotros-resources/scripts/at-lazy-imagesf0e2.js]
[resources.assets.avrotros.nl/avrotros-resources/scripts/at-svg4everybody8dda.js]
[resources.assets.avrotros.nl/avrotros-resources/scripts/at-photo-carousel8a7b.js]
[resources.assets.avrotros.nl/avrotros-resources/scripts/at-modalbca1.js]
[resources.assets.avrotros.nl/avrotros-resources/scripts/at-dmd-formde5d.js]
[resources.assets.avrotros.nl/avrotros-resources/scripts/at-sharerf819.js]
[resources.assets.avrotros.nl/avrotros-resources/scripts/at-offline-pwa3303.js]
[resources.assets.avrotros.nl/wieisdemol/scripts/footer4475.js]
[wieisdemol.avrotros.nl/sw.js]
[wieisdemol.avrotros.nl/cdn-cgi/challenge-platform/h/b/scripts/jsd/a990e557/main.js]
[wieisdemol.assets.avrotros.nl/_processed_/b/7/csm_widm24-aflevering6_4a1b7b2909.jpg]
[wieisdemol.avrotros.nl/typo3temp/assets/js/301d3defed6cdd.js]
[adcdn.ster.nl/script/avrotros.wieisdemol.details.min.js]
[wieisdemol.assets.avrotros.nl/_processed_/8/0/csm_widm24-aflevering4_b1a204b281.jpg]
[wieisdemol.assets.avrotros.nl/_processed_/a/d/csm_Dennis-Weening_7e78b4e653.jpg]
[wieisdemol.assets.avrotros.nl/_processed_/8/1/csm_widm24-opdracht1-opelkaarrekenen-1_8433c53745.jpg]
[wieisdemol.avrotros.nl/afleveringen/item/aflevering-5-terugkeer/index.html]
[wieisdemol.avrotros.nl/afleveringen/item/aflevering-3-vragenvuur/index.html]
[wieisdemol.avrotros.nl/afleveringen/item/aflevering-2-afgelopen/index.html]
[wieisdemol.avrotros.nl/afleveringen/item/aflevering-1-een-handje-helpen/index.html]
[wieisdemol.avrotros.nl/kandidaten/item/item/index.html]
[wieisdemol.avrotros.nl/afleveringen/item/opdracht-1-dia-del-topito/index.html]
[wieisdemol.avrotros.nl/afleveringen/item/niet-de-mol-2024-1-babs/index.html]
[wieisdemol.avrotros.nl/afleveringen/item/niet-de-mol-2024-2-jip/index.html]
[wieisdemol.avrotros.nl/afleveringen/item/abonneer-je-op-de-nieuwsbrief/index.html]
[wieisdemol.avrotros.nl/afleveringen/item/exclusief-wie-keert-er-terug/index.html]
[wieisdemol.avrotros.nl/afleveringen/item/opdracht-41-1/index.html]
[wieisdemol.avrotros.nl/afleveringen/item/exclusief-wie-wordt-de-penningmeester/index.html]
[wieisdemol.avrotros.nl/afleveringen/item/opdracht-1-de-molympische-spelen/index.html]
[wieisdemol.avrotros.nl/afleveringen/item/opdracht-2-speeddate/index.html]
[wieisdemol.avrotros.nl/afleveringen/item/opdracht-2-hoog-spel-spelen-2/index.html]
[wieisdemol.avrotros.nl/afleveringen/item/opdracht-2-het-gebaande-pad/index.html]
[wieisdemol.avrotros.nl/afleveringen/item/exclusief-met-rik-in-een-bubbelbad/index.html]
[wieisdemol.avrotros.nl/afleveringen/item/opdracht-1-de-violen-stemmen/index.html]
[wieisdemol.avrotros.nl/afleveringen/item/opdracht-3-er-mee-worstelen/index.html]
[wieisdemol.avrotros.nl/afleveringen/item/exclusief-de-reacties-op-de-eerste-eliminatie/index.html]
[wieisdemol.avrotros.nl/afleveringen/item/dagboek-van-de-afvaller-jip-van-den-toorn/index.html]
[wieisdemol.avrotros.nl/afleveringen/item/opdracht-2-uitzitten/index.html]
[wieisdemol.avrotros.nl/afleveringen/item/opdracht-3-afschilderen/index.html]
[wieisdemol.avrotros.nl/afleveringen/item/dagboek-van-de-afvaller-babs-schutte/index.html]
[wieisdemol.avrotros.nl/afleveringen/item/widm-seizoen-14-aflevering-7-moet-je-zien-27-02-2014/index.html]
[wieisdemol.avrotros.nl/afleveringen/item/widm-seizoen-14-aflevering-6-5-op-een-rij-06-02-2014/index.html]
[wieisdemol.avrotros.nl/moltalk/item/moltalk-aflevering-5-2/index.html]
[wieisdemol.avrotros.nl/afleveringen/item/aflevering-4-weglopen/index.html]
[wieisdemol.avrotros.nl/afleveringen/item/dagboek-van-de-afvaller-annick-boer/index.html]
[wieisdemol.avrotros.nl/moltalk/item/moltalk-aflevering-4-2/index.html]
[wieisdemol.avrotros.nl/afleveringen/item/niet-de-mol-3-sander-de-kramer/index.html]
[wieisdemol.avrotros.nl/afleveringen/item/niet-de-mol-8-de-finalisten/index.html]
[wieisdemol.avrotros.nl/afleveringen/item/dagboek-van-de-afvaller-anke-de-jong/index.html]
[wieisdemol.avrotros.nl/afleveringen/item/exclusief-reacties-op-de-eliminatie/index.html]
[wieisdemol.avrotros.nl/afleveringen/item/niet-de-mol5-nabil-aoulad-ayad/index.html]
[wieisdemol.avrotros.nl/afleveringen/item/dagboek-van-de-afvaller-soy-kroon/index.html]
[wieisdemol.avrotros.nl/afleveringen/item/aflevering-9-molafspraak/index.html]
[wieisdemol.avrotros.nl/afleveringen/item/exclusief-commando-mol/index.html]
[wieisdemol.avrotros.nl/afleveringen/item/opdracht-3-analoge-test/index.html]
[wieisdemol.avrotros.nl/afleveringen/item/koffiepedia/index.html]
[wieisdemol.avrotros.nl/afleveringen/item/afl-4-koffiepedia/index.html]
[wieisdemol.avrotros.nl/afleveringen/item/exclusief-kamerindeling-1/index.html]
[wieisdemol.avrotros.nl/afleveringen/item/aflevering-6-lijdensweg/index.html]
[wieisdemol.avrotros.nl/afleveringen/item/opdracht-1-altaar-ego-1/index.html]
[wieisdemol.avrotros.nl/afleveringen/item/opdracht-3-moltelefoon/index.html]
[wieisdemol.avrotros.nl/afleveringen/item/dagboek-van-de-afvaller-nabil-aoulad-ayad/index.html]
[wieisdemol.avrotros.nl/afleveringen/item/dagboek-van-de-afvaller-sarah-janneh/index.html]
[wieisdemol.avrotros.nl/afleveringen/item/dagboek-van-de-afvaller-sander-de-kramer/index.html]
[wieisdemol.avrotros.nl/afleveringen/item/opdracht-1-stalen-zenuwen/index.html]
[wieisdemol.avrotros.nl/afleveringen/item/dagboek-van-de-mol-jurre-geluk/index.html]
[wieisdemol.avrotros.nl/afleveringen/item/dagboek-van-de-winnaar-daniel-verlaan/index.html]
[wieisdemol.avrotros.nl/afleveringen/item/dagboek-van-de-verliezend-finalist-ranomi-kromowidjojo/index.html]
[wieisdemol.avrotros.nl/afleveringen/item/exclusief-alleen-maar-vloeken/index.html]
[wieisdemol.avrotros.nl/afleveringen/item/aflevering-7-inzichtelijk/index.html]
[wieisdemol.avrotros.nl/afleveringen/item/exclusief-een-potentiele-mol-minder/index.html]
[wieisdemol.avrotros.nl/afleveringen/item/opdracht-3-opkofferen-1/index.html]
[wieisdemol.avrotros.nl/afleveringen/item/opdracht-1-abvallers/index.html]
[wieisdemol.avrotros.nl/afleveringen/item/opdracht-2-van-ruilen-komt-huilen/index.html]
[wieisdemol.avrotros.nl/afleveringen/item/opdracht-1-stoelendans/index.html]
[wieisdemol.avrotros.nl/afleveringen/item/exclusief-zingen-en-dansen-tegelijk/index.html]
[wieisdemol.avrotros.nl/afleveringen/item/exclusief-grootste-angst/index.html]
[wieisdemol.assets.avrotros.nl/_processed_/8/2/csm_Moltalk-3-2023_3b92aeab2c.html]
[wieisdemol.assets.avrotros.nl/_processed_/b/c/csm_widm23-exclusief-busjeruilen_08484d7765.html]
[wieisdemol.assets.avrotros.nl/_processed_/7/5/csm_131-MOL-COMPILIATIE-1280x720-web_9f2067f70e.html]
[wieisdemol.assets.avrotros.nl/_processed_/e/1/csm_widm23-exclusief-commandomol_81bbd3bc55.html]
[wieisdemol.assets.avrotros.nl/_processed_/7/9/csm_WIDM23-Rik-van-de-Westelaken-podcast_c822047ded.html]
[wieisdemol.assets.avrotros.nl/_processed_/1/1/csm_widm23-opdracht2-zandlopers_9676011e89.html]
[wieisdemol.assets.avrotros.nl/_processed_/a/9/csm_widm23-opdracht3-analogetest_05362047d7.html]
[wieisdemol.assets.avrotros.nl/_processed_/b/6/csm_widm23-opdracht1-uitvlakken_28e7520a71.html]
[wieisdemol.assets.avrotros.nl/_processed_/5/c/csm_widm23-exclusief-doornaaraflevering9_ccdd4df381.html]
[wieisdemol.assets.avrotros.nl/_processed_/e/8/csm_widm23-opdracht2-vuurproef_ffb365c2bf.html]
[wieisdemol.assets.avrotros.nl/_processed_/e/3/csm_widm23-opdracht3-hetschipingaan_f16bb542a6.html]
[wieisdemol.assets.avrotros.nl/_processed_/5/1/csm_WIDM Opdracht 4.1_69860b0d14.html]
[wieisdemol.assets.avrotros.nl/_processed_/0/5/csm_WIDM Opdracht-4.2_21c3f14dff.html]
[wieisdemol.assets.avrotros.nl/_processed_/a/2/csm_WIDM Opdracht-4.3_db0e9510fe.html]
[wieisdemol.assets.avrotros.nl/_processed_/8/d/csm_Thumb-extra-video-7-2b-DeNoiseAI-denoise_c761b3b982.html]
[wieisdemol.assets.avrotros.nl/_processed_/a/8/csm_WIDM opdracht 1 aflevering 2 s21_5d96a3e8ec.html]
[wieisdemol.assets.avrotros.nl/_processed_/5/f/csm_WIDM opdracht 2 aflevering 2 s21_0cb359f5df.html]
[wieisdemol.assets.avrotros.nl/_processed_/9/1/csm_WIDM aflevering 3 opdracht 3_469f4038ba.html]
[wieisdemol.assets.avrotros.nl/_processed_/9/a/csm_Opdracht-6.1_4bf09c0fb5.html]
[wieisdemol.assets.avrotros.nl/_processed_/3/4/csm_Aflevering-6_77cd876460.html]
[wieisdemol.assets.avrotros.nl/_processed_/b/e/csm_2019_4_opdr3_thumb_b989a52e45.html]
[wieisdemol.assets.avrotros.nl/_processed_/2/f/csm_WIDM A7 Opdracht 2_fd3bdc4065.html]
[wieisdemol.assets.avrotros.nl/_processed_/c/f/csm_2019_2_thumb_opdr_2_c763becf01.html]
[wieisdemol.assets.avrotros.nl/_processed_/1/d/csm_2019_8_opdr2_thumb_0a12365f37.html]
[wieisdemol.assets.avrotros.nl/_processed_/4/4/csm_item_1275_14eb99be57.html]
[wieisdemol.assets.avrotros.nl/poms_import/item_1272.html]
[wieisdemol.assets.avrotros.nl/_processed_/5/c/csm_widm-exclusief-kamerindeling_84991855d8.html]
[wieisdemol.assets.avrotros.nl/_processed_/9/9/csm_foto haarlem_07fa19df07.html]
[wieisdemol.assets.avrotros.nl/_processed_/2/c/csm_IJSSELSTEIN_b9d93dc009.html]
[wieisdemol.assets.avrotros.nl/_processed_/7/e/csm_KIST WEERT_3af21b3d03.html]
[wieisdemol.assets.avrotros.nl/_processed_/b/b/csm_MIDDELBURG_eab02c4828.html]
[wieisdemol.assets.avrotros.nl/_processed_/2/8/csm_DEVENTER_8259766339.html]
[wieisdemol.assets.avrotros.nl/_processed_/5/8/csm_WIDM_artikelheader_d83ef2eaca.html]
[wieisdemol.assets.avrotros.nl/_processed_/3/9/csm_tygo_aantafel_jubileum_0872c3b5d8.html]
[wieisdemol.assets.avrotros.nl/_processed_/d/3/csm_Nikkie_aantafel_jubileum_ca18fc7481.html]
[wieisdemol.assets.avrotros.nl/_processed_/3/9/csm_jeroen_aantafel_jubileum_95e0fdae06.html]
[wieisdemol.assets.avrotros.nl/_processed_/4/9/csm_moltalk7_jubileum_thumbnail_e6e13639b0.html]
[wieisdemol.assets.avrotros.nl/_processed_/e/1/csm_aflevering7_thumbs_0003_Thumb afl 7_d4cb4aa458.html]
[wieisdemol.assets.avrotros.nl/_processed_/2/3/csm_thumb_finale_widm-JUBILEUM_1c40e6e1a9.html]
[wieisdemol.assets.avrotros.nl/_processed_/6/1/csm_jubileum_thumb_NTERNET_INTERVIEW_MET_MUZIEK_10_3ed57fa554.html]
[wieisdemol.assets.avrotros.nl/_processed_/9/b/csm_item_1394_73af563a45.html]
[wieisdemol.assets.avrotros.nl/_processed_/a/7/csm_item_1396_8d0d8b2018.html]
[wieisdemol.assets.avrotros.nl/_processed_/1/a/csm_Moltalk-aflevering1-gasten_8f12817abf.html]
[wieisdemol.assets.avrotros.nl/user_upload/WIDM23/Moltalk/Moltalk-aflevering1-gasten.html]
[wieisdemol.assets.avrotros.nl/_processed_/4/9/csm_WIDM-aflevering1-header_7e88769a36.html]
[wieisdemol.assets.avrotros.nl/_processed_/d/5/csm_Moltalk-a6 voor web_dc20cc848c.html]
[wieisdemol.assets.avrotros.nl/_processed_/4/9/csm_Molvisie-share_73362492b2.html]
[wieisdemol.assets.avrotros.nl/_processed_/b/3/csm_Thumb-extra-video-1-aflevering5-groep-DeNoiseAI-denoise_d6abfa0e8f.html]
[wieisdemol.assets.avrotros.nl/_processed_/0/8/csm_Moltalk-5-voor-web_84abce1d3c.html]
[wieisdemol.assets.avrotros.nl/_processed_/2/6/csm_Moltalk-A8---opgeslagen-voor-web_2fc67601bf.html]
[wieisdemol.assets.avrotros.nl/_processed_/e/9/csm_2021_Moltalk-7-opgeslagen-voor-web_73a4a44d02.html]
[wieisdemol.assets.avrotros.nl/_processed_/0/d/csm_MolTalk-Aflevering-4-gasten_f2df7b91fc.html]
[wieisdemol.assets.avrotros.nl/_processed_/5/b/csm_Drietal-MolTalk-voor-web_88573a8320.html]
[wieisdemol.assets.avrotros.nl/_processed_/e/6/csm_WIDM-a2-Zwijgen-broadcast-voor-web_a6204932ff.html]
[wieisdemol.assets.avrotros.nl/_processed_/f/a/csm_Dagboek-afvaller_A2-website_c619389bbd.html]
[wieisdemol.assets.avrotros.nl/_processed_/7/f/csm_NDM-thumbnail-A2-afvaller-web_a0e3eccf1a.html]
[wieisdemol.assets.avrotros.nl/_processed_/2/9/csm_MolTalk 8 gasten lachend_53d62f381c.html]
[wieisdemol.assets.avrotros.nl/_processed_/7/6/csm_MolTalk-15-jan-voor-web_bdfbc66f13.html]
[wieisdemol.assets.avrotros.nl/_processed_/1/6/csm_MolTalk A5 gasten_88da77fc79.html]
[wieisdemol.assets.avrotros.nl/_processed_/a/b/csm_widm23-aflevering6-lijdensweg_0120cb6a64.html]
[wieisdemol.assets.avrotros.nl/_processed_/a/1/csm_widm23-opdracht2_081ed08a8f.html]
[wieisdemol.assets.avrotros.nl/_processed_/5/6/csm_widm23-opdracht1-altaarego_0250904597.html]
[wieisdemol.assets.avrotros.nl/_processed_/9/2/csm_widm23-opdracht2-verschijning_c0fbb67a06.html]
[wieisdemol.assets.avrotros.nl/_processed_/1/5/csm_WIDM-aflevering5_2b361f24f1.html]
[wieisdemol.assets.avrotros.nl/_processed_/7/f/csm_exclusief-4.2_4a6f73bc64.html]
[wieisdemol.assets.avrotros.nl/_processed_/b/7/csm_widm23-opdracht3-aflevering1_32e2d7899c.html]
[wieisdemol.assets.avrotros.nl/_processed_/7/0/csm_widm23-aflevering8-2_10a36fc5d4.html]
[wieisdemol.assets.avrotros.nl/_processed_/6/f/csm_widm-aflevering3-header_be9531db74.html]
[wieisdemol.assets.avrotros.nl/_processed_/9/8/csm_widm23-opdracht1-omleiding_c85f09fe60.html]
[wieisdemol.assets.avrotros.nl/_processed_/3/4/csm_widm23-opdracht2-perdefinitie_50bfc723b5.html]
[wieisdemol.assets.avrotros.nl/_processed_/1/4/csm_widm23-Opdracht1-aflevering1_365abacbd5.html]
[wieisdemol.assets.avrotros.nl/_processed_/4/d/csm_WIDM-3.2-Typo_be0e8eba53.html]
[wieisdemol.assets.avrotros.nl/_processed_/5/5/csm_land-seizoen-23-hoofd_1f13318831.html]
[wieisdemol.assets.avrotros.nl/_processed_/6/0/csm_widm23-opdracht1_83f218f365.html]
[wieisdemol.assets.avrotros.nl/_processed_/7/e/csm_widm23-Opdracht2-aflevering1_ccd7e6191b.html]
[wieisdemol.assets.avrotros.nl/_processed_/1/e/csm_widm23-opdracht3-moltelefoon_d5d43a5c13.html]
[wieisdemol.assets.avrotros.nl/_processed_/1/6/csm_widm23-opdracht1-focusgroep_0d29153f13.html]
[wieisdemol.assets.avrotros.nl/_processed_/b/c/csm_widm23-dagboek5_a952f32bc0.html]
[wieisdemol.assets.avrotros.nl/poms_import/item_1962.html]
[wieisdemol.assets.avrotros.nl/_processed_/3/3/csm_item_2059_d5d190c58a.html]
[wieisdemol.assets.avrotros.nl/_processed_/a/b/csm_item_2050_b90cc96f9b.html]
[wieisdemol.assets.avrotros.nl/_processed_/9/9/csm_Vooruitblik-aflevering-6_e41282d67b.html]
[wieisdemol.assets.avrotros.nl/_processed_/f/1/csm_widm23_dagboek_afvaller1_480daa34a6.html]
[wieisdemol.assets.avrotros.nl/_processed_/a/6/csm_widm-default-image_fd418dada6.html]
[wieisdemol.assets.avrotros.nl/_processed_/1/9/csm_MolTalk-3 voor web_a786187c8c.html]
[wieisdemol.assets.avrotros.nl/_processed_/b/0/csm_Dagboek-afvaller-aflevering3-rechts_75b3e08167.html]
[wieisdemol.assets.avrotros.nl/_processed_/d/f/csm_WIDM aflevering 3_acf769b2f9.html]
[wieisdemol.assets.avrotros.nl/_processed_/c/b/csm_widm23-dagboek-afvaller3_84ae9e8885.html]
[wieisdemol.assets.avrotros.nl/_processed_/3/0/csm_9 E Soy daniel ranomi_ec310c5c65.html]
[wieisdemol.assets.avrotros.nl/_processed_/2/e/csm_NDM-thumbnail-Froukje_91f177487a.html]
[wieisdemol.assets.avrotros.nl/_processed_/b/b/csm_widm23_dagboek_afvaller2_cdc0ed5776.html]
[wieisdemol.assets.avrotros.nl/_processed_/9/f/csm_prijsvraag-aflevering2_e57d425894.html]
[wieisdemol.assets.avrotros.nl/_processed_/8/d/csm_WIDM-Finalisten-1280x720_5073fc2183.html]
[wieisdemol.assets.avrotros.nl/_processed_/d/0/csm_141-ZANDLOPERS-1280x720-web_a15fb4f89f.html]
[wieisdemol.assets.avrotros.nl/_processed_/e/0/csm_widm23-aflevering2-V2_d990a5687b.html]
[wieisdemol.assets.avrotros.nl/_processed_/b/b/csm_widm23-opdracht2-propvol_7cd5258f28.html]
[wieisdemol.assets.avrotros.nl/_processed_/0/c/csm_Podcast-Splinter-voor-web_1f3c38b4e2.html]
[wieisdemol.assets.avrotros.nl/_processed_/f/7/csm_Niet-de-Mol-Splinter-Chabot-rode-koffer_4cd9b2d36d.html]
[wieisdemol.assets.avrotros.nl/_processed_/8/b/csm_NDM-3-Thumb-afvaller-POMS-TYPO_7bc51b3181.html]
[wieisdemol.assets.avrotros.nl/_processed_/6/d/csm_widm23-opdracht1-stalenzenuwen_abcfb556ad.html]
[wieisdemol.assets.avrotros.nl/_processed_/4/f/csm_item_1978_9133d7f704.html]
[wieisdemol.assets.avrotros.nl/_processed_/d/2/csm_Dagboek-Mol-Website_01d991f294.html]
[wieisdemol.assets.avrotros.nl/_processed_/3/0/csm_Dagboek-winnaar_website_3981822890.html]
[wieisdemol.assets.avrotros.nl/_processed_/3/3/csm_Rik-pers-7_bff1ebbf1f.html]
[wieisdemol.assets.avrotros.nl/_processed_/1/1/csm_Dagboek-verliezend-finalist_website_9458ebd982.html]
[wieisdemol.assets.avrotros.nl/_processed_/f/8/csm_widm23-exclusief-alleenmaarvloeken_8c098f8f00.html]
[wieisdemol.assets.avrotros.nl/_processed_/e/4/csm_widm23-exclusief-roadtrip_15231d6e7e.html]
[wieisdemol.assets.avrotros.nl/_processed_/1/2/csm_widm23-aflevering7-inzichtelijk_8976ddd376.html]
[wieisdemol.assets.avrotros.nl/_processed_/b/6/csm_Thumb POMS EV afscheid1_de16f9b7ac.html]
[wieisdemol.assets.avrotros.nl/_processed_/8/9/csm_Dagboek-afvaller5_website_6bc9a6ab17.html]
[wieisdemol.assets.avrotros.nl/_processed_/0/6/csm_Thumb POMS NDM 5 kandidaat_e968fdbe8b.html]
[wieisdemol.assets.avrotros.nl/_processed_/8/5/csm_Thumb POMS EV zweverig4_a25ef1fded.html]
[wieisdemol.assets.avrotros.nl/_processed_/1/d/csm_WIDM-aflevering-5_ad9d1eaccf.html]
[wieisdemol.assets.avrotros.nl/_processed_/9/8/csm_Thumb POMS EV afscheid_b1aa768315.html]
[wieisdemol.assets.avrotros.nl/_processed_/a/b/csm_Extra-video-2-voor-web_09198d1ab8.html]
[wieisdemol.assets.avrotros.nl/_processed_/9/2/csm_Thumb POMS EV Afscheid1_5085d5a93f.html]
[wieisdemol.assets.avrotros.nl/_processed_/5/e/csm_WIDM aflevering 8_9734f46888.html]
[wieisdemol.assets.avrotros.nl/_processed_/f/c/csm_MolTalk Rop Marlijn Everon_8603f22b50.html]
[wieisdemol.assets.avrotros.nl/_processed_/2/b/csm_Wie-is-de-Mol-aflevering-4_5f481266c0.html]
[wieisdemol.assets.avrotros.nl/_processed_/6/f/csm_Exclusief-Nabil-afscheid_84a8fa3691.html]
[wieisdemol.assets.avrotros.nl/_processed_/5/e/csm_widm23-opdracht3_e2529acae9.html]
[wieisdemol.assets.avrotros.nl/_processed_/1/6/csm_widm23-opdracht1-abvallers_92b6786049.html]
[wieisdemol.assets.avrotros.nl/_processed_/b/8/csm_widm23-opdracht2-vanruilenkomthuilen_ac34b29551.html]
[wieisdemol.assets.avrotros.nl/_processed_/5/3/csm_Prijsvraag9-groep_6d65bbd87b.html]
[wieisdemol.assets.avrotros.nl/_processed_/c/a/csm_WIDM-23-aflevering-2-exlusief-2_cc202cccfd.html]
[wieisdemol.assets.avrotros.nl/_processed_/d/5/csm_widm23-opdracht1-stoelendans_47b7f0fc4d.html]
[wieisdemol.assets.avrotros.nl/_processed_/d/4/csm_widm23-exclusief-zingenendansen_16a06f2ba5.html]
[wieisdemol.assets.avrotros.nl/_processed_/0/b/csm_5 _ 6 hele groep_54d4d684ab.html]
[wieisdemol.assets.avrotros.nl/_processed_/4/4/csm_Thumb-Website-extra-video-busje1a_3dfb30d7cb.html]
[wieisdemol.avrotros.nl/home/a.html]
[wieisdemol.avrotros.nl/home/POST.html]
[wieisdemol.avrotros.nl/home/schema.org/index.html]
[wieisdemol.avrotros.nl/home/b.html]
[wieisdemol.avrotros.nl/signals/iwl.html]
