[wieisdemol.avrotros.nl/afleveringen/item/aflevering-6/index.html]
[backblue.gif]
[fade.gif]
[index.html]
[resources.assets.avrotros.nl/avrotros-resources/scripts/at-utm-atinternet75d3.js]
[resources.assets.avrotros.nl/wieisdemol/scripts/core20cf.js]
[fonts.googleapis.com/index.html]
[wieisdemol.avrotros.nl/typo3conf/ext/wieisdemol_resources/Resources/Public/Favicon/manifestf48c.json]
[wieisdemol.avrotros.nl/typo3conf/ext/wieisdemol_resources/Resources/Public/Favicon/safari-pinned-tab.svg]
[external.html]
[wieisdemol.assets.avrotros.nl/user_upload/widm24-aflevering6-afvragen.jpg]
[wieisdemol.assets.avrotros.nl/user_upload/avatar-candidate-A.jpg]
[wieisdemol.assets.avrotros.nl/user_upload/avatar-candidate-B.jpg]
[wieisdemol.assets.avrotros.nl/user_upload/avatar-candidate-C.jpg]
[wieisdemol.assets.avrotros.nl/user_upload/avatar-candidate-D.jpg]
[wieisdemol.assets.avrotros.nl/user_upload/avatar-candidate-E.jpg]
[wieisdemol.assets.avrotros.nl/user_upload/avatar-candidate-F.jpg]
[wieisdemol.assets.avrotros.nl/user_upload/avatar-candidate-G.jpg]
[wieisdemol.assets.avrotros.nl/user_upload/avatar-candidate-H.jpg]
[wieisdemol.assets.avrotros.nl/user_upload/avatar-candidate-I.jpg]
[wieisdemol.assets.avrotros.nl/user_upload/avatar-candidate-J.jpg]
[wieisdemol.assets.avrotros.nl/_processed_/3/4/csm_widm24-afvaller5_01_9cc54a5868.jpg]
[wieisdemol.assets.avrotros.nl/_processed_/b/7/csm_widm24-aflevering6_dcede3278c.jpg]
[wieisdemol.assets.avrotros.nl/_processed_/c/f/csm_5.2-thumb_089494f664.jpg]
[wieisdemol.assets.avrotros.nl/_processed_/8/7/csm_MolTalk-6_2d344cea7d.jpg]
[wieisdemol.assets.avrotros.nl/_processed_/7/d/csm_NDM-thumbnail-6-2024_fefb2925bd.jpg]
[wieisdemol.assets.avrotros.nl/_processed_/e/b/csm_WIDM-podcast-2024_83ec85cdd6.jpg]
[wieisdemol.assets.avrotros.nl/_processed_/1/7/csm_widm24-opdracht1-nietsisiets-1_d2416a5668.jpg]
[wieisdemol.assets.avrotros.nl/_processed_/8/5/csm_widm24-opdracht2-bijelkaarpassen-1_2deb518a0e.jpg]
[wieisdemol.avrotros.nl/typo3temp/assets/_processed_/6/8/csm_footer-app_7c43e92a84.png]
[resources.assets.avrotros.nl/avrotros-resources/scripts/at-browser8aa6.js]
[resources.assets.avrotros.nl/avrotros-resources/scripts/at-piano-analytics27c4.js]
[resources.assets.avrotros.nl/avrotros-resources/scripts/at-toggles956e.js]
[resources.assets.avrotros.nl/avrotros-resources/scripts/at-lazy-defer2f88.js]
[resources.assets.avrotros.nl/avrotros-resources/scripts/at-lazy-imagesf0e2.js]
[resources.assets.avrotros.nl/avrotros-resources/scripts/at-svg4everybody8dda.js]
[resources.assets.avrotros.nl/avrotros-resources/scripts/at-photo-carousel8a7b.js]
[resources.assets.avrotros.nl/avrotros-resources/scripts/at-modalbca1.js]
[resources.assets.avrotros.nl/avrotros-resources/scripts/at-dmd-formde5d.js]
[resources.assets.avrotros.nl/avrotros-resources/scripts/at-sharerf819.js]
[resources.assets.avrotros.nl/avrotros-resources/scripts/at-offline-pwa3303.js]
[resources.assets.avrotros.nl/wieisdemol/scripts/footer4475.js]
[wieisdemol.avrotros.nl/sw.js]
[wieisdemol.avrotros.nl/cdn-cgi/challenge-platform/scripts/jsd/main.js]
[wieisdemol.avrotros.nl/cdn-cgi/challenge-platform/h/b/scripts/jsd/a990e557/main.js]
[wieisdemol.avrotros.nl/home/index.html]
[wieisdemol.avrotros.nl/afleveringen/item/aflevering-6/index.html]
[cookies.avrotros.nl/index.html]
[ccm.npo.nl/index.html]
[atconnect.npo.nl/index.html]
[fonts.googleapis.com/index.html]
[fonts.gstatic.com/index.html]
[search-api.avrotros.nl/index.html]
[tag.aticdn.net/index.html]
[www.google-analytics.com/index.html]
[www.googletagmanager.com/index.html]
[kmnl.tns-nipo.com/index.html]
[wieisdemol.avrotros.nl/typo3temp/assets/js/301d3defeddf39.js]
[wieisdemol.avrotros.nl/typo3conf/ext/wieisdemol_resources/Resources/Public/Favicon/favicon.ico]
[polyfill.io/v3/polyfill.minc216.js]
[wieisdemol.avrotros.nl/typo3conf/ext/wieisdemol_resources/Resources/Public/GFX/widm-default-image.jpg]
[resources.assets.avrotros.nl/avrotros-resources/scripts/vendor/jquery-latest.min3aa3.js]
[resources.assets.avrotros.nl/wieisdemol/styles/widm1572.css]
[cookies.avrotros.nl/index.html]
[ccm.npo.nl/index.html]
[search-api.avrotros.nl/index.html]
[resources.assets.avrotros.nl/avrotros-resources/scripts/vendor/lodash/4.17.21/lodash.min6e1f.js]
[resources.assets.avrotros.nl/avrotros-resources/scripts/at-coree5f5.js]
[hub.npo-data.nl/tags/tag.min.js]
[www.googletagmanager.com/gtm5445.html]
[wieisdemol.avrotros.nl/typo3conf/ext/wieisdemol_resources/Resources/Public/Favicon/apple-touch-icon.png]
[wieisdemol.avrotros.nl/typo3conf/ext/wieisdemol_resources/Resources/Public/Favicon/favicon-32x32.png]
[wieisdemol.avrotros.nl/typo3conf/ext/wieisdemol_resources/Resources/Public/Favicon/favicon-16x16.png]
[wieisdemol.avrotros.nl/typo3conf/ext/wieisdemol_resources/Resources/Public/Favicon/safari-pinned-tab.svg]
[connect.facebook.net/en_US/fbevents.js]
[wieisdemol.assets.avrotros.nl/_processed_/b/7/csm_widm24-aflevering6_4a1b7b2909.jpg]
[wieisdemol.avrotros.nl/typo3temp/assets/js/301d3defed6cdd.js]
[adcdn.ster.nl/script/avrotros.wieisdemol.details.min.js]
[wieisdemol.assets.avrotros.nl/_processed_/8/0/csm_widm24-aflevering4_b1a204b281.jpg]
[wieisdemol.assets.avrotros.nl/_processed_/a/d/csm_Dennis-Weening_7e78b4e653.jpg]
[wieisdemol.assets.avrotros.nl/_processed_/8/1/csm_widm24-opdracht1-opelkaarrekenen-1_8433c53745.jpg]
[wieisdemol.avrotros.nl/home/a.html]
[wieisdemol.avrotros.nl/home/POST.html]
[wieisdemol.avrotros.nl/home/schema.org/index.html]
[wieisdemol.avrotros.nl/home/b.html]
[wieisdemol.avrotros.nl/signals/iwl.html]
